Archive member included to satisfy reference by file (symbol)

C:/ST/STM32CubeIDE_1.18.1/STM32CubeIDE/plugins/com.st.stm32cube.ide.mcu.externaltools.gnu-tools-for-stm32.13.3.rel1.win32_1.0.0.202411081344/tools/bin/../lib/gcc/arm-none-eabi/13.3.1/../../../../arm-none-eabi/lib/thumb/v7e-m+fp/hard\libc_nano.a(libc_a-exit.o)
                              C:/ST/STM32CubeIDE_1.18.1/STM32CubeIDE/plugins/com.st.stm32cube.ide.mcu.externaltools.gnu-tools-for-stm32.13.3.rel1.win32_1.0.0.202411081344/tools/bin/../lib/gcc/arm-none-eabi/13.3.1/../../../../arm-none-eabi/lib/thumb/v7e-m+fp/hard/crt0.o (exit)
C:/ST/STM32CubeIDE_1.18.1/STM32CubeIDE/plugins/com.st.stm32cube.ide.mcu.externaltools.gnu-tools-for-stm32.13.3.rel1.win32_1.0.0.202411081344/tools/bin/../lib/gcc/arm-none-eabi/13.3.1/../../../../arm-none-eabi/lib/thumb/v7e-m+fp/hard\libc_nano.a(libc_a-findfp.o)
                              C:/ST/STM32CubeIDE_1.18.1/STM32CubeIDE/plugins/com.st.stm32cube.ide.mcu.externaltools.gnu-tools-for-stm32.13.3.rel1.win32_1.0.0.202411081344/tools/bin/../lib/gcc/arm-none-eabi/13.3.1/../../../../arm-none-eabi/lib/thumb/v7e-m+fp/hard\libc_nano.a(libc_a-exit.o) (__stdio_exit_handler)
C:/ST/STM32CubeIDE_1.18.1/STM32CubeIDE/plugins/com.st.stm32cube.ide.mcu.externaltools.gnu-tools-for-stm32.13.3.rel1.win32_1.0.0.202411081344/tools/bin/../lib/gcc/arm-none-eabi/13.3.1/../../../../arm-none-eabi/lib/thumb/v7e-m+fp/hard\libc_nano.a(libc_a-fwalk.o)
                              C:/ST/STM32CubeIDE_1.18.1/STM32CubeIDE/plugins/com.st.stm32cube.ide.mcu.externaltools.gnu-tools-for-stm32.13.3.rel1.win32_1.0.0.202411081344/tools/bin/../lib/gcc/arm-none-eabi/13.3.1/../../../../arm-none-eabi/lib/thumb/v7e-m+fp/hard\libc_nano.a(libc_a-findfp.o) (_fwalk_sglue)
C:/ST/STM32CubeIDE_1.18.1/STM32CubeIDE/plugins/com.st.stm32cube.ide.mcu.externaltools.gnu-tools-for-stm32.13.3.rel1.win32_1.0.0.202411081344/tools/bin/../lib/gcc/arm-none-eabi/13.3.1/../../../../arm-none-eabi/lib/thumb/v7e-m+fp/hard\libc_nano.a(libc_a-sprintf.o)
                              ./Core/Src/state_machine.o (sprintf)
C:/ST/STM32CubeIDE_1.18.1/STM32CubeIDE/plugins/com.st.stm32cube.ide.mcu.externaltools.gnu-tools-for-stm32.13.3.rel1.win32_1.0.0.202411081344/tools/bin/../lib/gcc/arm-none-eabi/13.3.1/../../../../arm-none-eabi/lib/thumb/v7e-m+fp/hard\libc_nano.a(libc_a-stdio.o)
                              C:/ST/STM32CubeIDE_1.18.1/STM32CubeIDE/plugins/com.st.stm32cube.ide.mcu.externaltools.gnu-tools-for-stm32.13.3.rel1.win32_1.0.0.202411081344/tools/bin/../lib/gcc/arm-none-eabi/13.3.1/../../../../arm-none-eabi/lib/thumb/v7e-m+fp/hard\libc_nano.a(libc_a-findfp.o) (__sread)
C:/ST/STM32CubeIDE_1.18.1/STM32CubeIDE/plugins/com.st.stm32cube.ide.mcu.externaltools.gnu-tools-for-stm32.13.3.rel1.win32_1.0.0.202411081344/tools/bin/../lib/gcc/arm-none-eabi/13.3.1/../../../../arm-none-eabi/lib/thumb/v7e-m+fp/hard\libc_nano.a(libc_a-memset.o)
                              C:/ST/STM32CubeIDE_1.18.1/STM32CubeIDE/plugins/com.st.stm32cube.ide.mcu.externaltools.gnu-tools-for-stm32.13.3.rel1.win32_1.0.0.202411081344/tools/bin/../lib/gcc/arm-none-eabi/13.3.1/../../../../arm-none-eabi/lib/thumb/v7e-m+fp/hard/crt0.o (memset)
C:/ST/STM32CubeIDE_1.18.1/STM32CubeIDE/plugins/com.st.stm32cube.ide.mcu.externaltools.gnu-tools-for-stm32.13.3.rel1.win32_1.0.0.202411081344/tools/bin/../lib/gcc/arm-none-eabi/13.3.1/../../../../arm-none-eabi/lib/thumb/v7e-m+fp/hard\libc_nano.a(libc_a-closer.o)
                              C:/ST/STM32CubeIDE_1.18.1/STM32CubeIDE/plugins/com.st.stm32cube.ide.mcu.externaltools.gnu-tools-for-stm32.13.3.rel1.win32_1.0.0.202411081344/tools/bin/../lib/gcc/arm-none-eabi/13.3.1/../../../../arm-none-eabi/lib/thumb/v7e-m+fp/hard\libc_nano.a(libc_a-stdio.o) (_close_r)
C:/ST/STM32CubeIDE_1.18.1/STM32CubeIDE/plugins/com.st.stm32cube.ide.mcu.externaltools.gnu-tools-for-stm32.13.3.rel1.win32_1.0.0.202411081344/tools/bin/../lib/gcc/arm-none-eabi/13.3.1/../../../../arm-none-eabi/lib/thumb/v7e-m+fp/hard\libc_nano.a(libc_a-reent.o)
                              C:/ST/STM32CubeIDE_1.18.1/STM32CubeIDE/plugins/com.st.stm32cube.ide.mcu.externaltools.gnu-tools-for-stm32.13.3.rel1.win32_1.0.0.202411081344/tools/bin/../lib/gcc/arm-none-eabi/13.3.1/../../../../arm-none-eabi/lib/thumb/v7e-m+fp/hard\libc_nano.a(libc_a-closer.o) (errno)
C:/ST/STM32CubeIDE_1.18.1/STM32CubeIDE/plugins/com.st.stm32cube.ide.mcu.externaltools.gnu-tools-for-stm32.13.3.rel1.win32_1.0.0.202411081344/tools/bin/../lib/gcc/arm-none-eabi/13.3.1/../../../../arm-none-eabi/lib/thumb/v7e-m+fp/hard\libc_nano.a(libc_a-impure.o)
                              C:/ST/STM32CubeIDE_1.18.1/STM32CubeIDE/plugins/com.st.stm32cube.ide.mcu.externaltools.gnu-tools-for-stm32.13.3.rel1.win32_1.0.0.202411081344/tools/bin/../lib/gcc/arm-none-eabi/13.3.1/../../../../arm-none-eabi/lib/thumb/v7e-m+fp/hard\libc_nano.a(libc_a-sprintf.o) (_impure_ptr)
[...]
Memory Configuration

Name             Origin             Length             Attributes
RAM              0x20000000         0x00020000         xrw
FLASH            0x08000000         0x00080000         xr
*default*        0x00000000         0xffffffff

Linker script and memory map

LOAD C:/ST/STM32CubeIDE_1.18.1/STM32CubeIDE/plugins/com.st.stm32cube.ide.mcu.externaltools.gnu-tools-for-stm32.13.3.rel1.win32_1.0.0.202411081344/tools/bin/../lib/gcc/arm-none-eabi/13.3.1/thumb/v7e-m+fp/hard/crti.o
LOAD C:/ST/STM32CubeIDE_1.18.1/STM32CubeIDE/plugins/com.st.stm32cube.ide.mcu.externaltools.gnu-tools-for-stm32.13.3.rel1.win32_1.0.0.202411081344/tools/bin/../lib/gcc/arm-none-eabi/13.3.1/thumb/v7e-m+fp/hard/crtbegin.o
LOAD C:/ST/STM32CubeIDE_1.18.1/STM32CubeIDE/plugins/com.st.stm32cube.ide.mcu.externaltools.gnu-tools-for-stm32.13.3.rel1.win32_1.0.0.202411081344/tools/bin/../lib/gcc/arm-none-eabi/13.3.1/../../../../arm-none-eabi/lib/thumb/v7e-m+fp/hard/crt0.o
LOAD ./Core/Src/adc.o
LOAD ./Core/Src/button.o
LOAD ./Core/Src/buzzer.o
LOAD ./Core/Src/gas_sensor.o
LOAD ./Core/Src/gpio.o
LOAD ./Core/Src/i2c.o
LOAD ./Core/Src/lcd.o
LOAD ./Core/Src/led.o
LOAD ./Core/Src/main.o
LOAD ./Core/Src/relay.o
LOAD ./Core/Src/state_machine.o
LOAD ./Core/Src/stm32f4xx_hal_msp.o
LOAD ./Core/Src/stm32f4xx_it.o
LOAD ./Core/Src/syscalls.o
LOAD ./Core/Src/sysmem.o
LOAD ./Core/Src/system_stm32f4xx.o
LOAD ./Core/Src/timer.o
LOAD ./Core/Src/uart.o
LOAD ./Core/Startup/startup_stm32f411retx.o
LOAD ./Drivers/STM32F4xx_HAL_Driver/Src/stm32f4xx_hal.o
LOAD ./Drivers/STM32F4xx_HAL_Driver/Src/stm32f4xx_hal_cortex.o
LOAD ./Drivers/STM32F4xx_HAL_Driver/Src/stm32f4xx_hal_dma.o
LOAD ./Drivers/STM32F4xx_HAL_Driver/Src/stm32f4xx_hal_dma_ex.o
LOAD ./Drivers/STM32F4xx_HAL_Driver/Src/stm32f4xx_hal_exti.o
LOAD ./Drivers/STM32F4xx_HAL_Driver/Src/stm32f4xx_hal_flash.o
LOAD ./Drivers/STM32F4xx_HAL_Driver/Src/stm32f4xx_hal_flash_ex.o
LOAD ./Drivers/STM32F4xx_HAL_Driver/Src/stm32f4xx_hal_flash_ramfunc.o
LOAD ./Drivers/STM32F4xx_HAL_Driver/Src/stm32f4xx_hal_gpio.o
LOAD ./Drivers/STM32F4xx_HAL_Driver/Src/stm32f4xx_hal_pwr.o
LOAD ./Drivers/STM32F4xx_HAL_Driver/Src/stm32f4xx_hal_pwr_ex.o
LOAD ./Drivers/STM32F4xx_HAL_Driver/Src/stm32f4xx_hal_rcc.o
LOAD ./Drivers/STM32F4xx_HAL_Driver/Src/stm32f4xx_hal_rcc_ex.o
LOAD ./Drivers/STM32F4xx_HAL_Driver/Src/stm32f4xx_hal_uart.o
START GROUP
LOAD C:/ST/STM32CubeIDE_1.18.1/STM32CubeIDE/plugins/com.st.stm32cube.ide.mcu.externaltools.gnu-tools-for-stm32.13.3.rel1.win32_1.0.0.202411081344/tools/bin/../lib/gcc/arm-none-eabi/13.3.1/../../../../arm-none-eabi/lib/thumb/v7e-m+fp/hard\libc_nano.a
LOAD C:/ST/STM32CubeIDE_1.18.1/STM32CubeIDE/plugins/com.st.stm32cube.ide.mcu.externaltools.gnu-tools-for-stm32.13.3.rel1.win32_1.0.0.202411081344/tools/bin/../lib/gcc/arm-none-eabi/13.3.1/../../../../arm-none-eabi/lib/thumb/v7e-m+fp/hard\libm.a
END GROUP
START GROUP
LOAD C:/ST/STM32CubeIDE_1.18.1/STM32CubeIDE/plugins/com.st.stm32cube.ide.mcu.externaltools.gnu-tools-for-stm32.13.3.rel1.win32_1.0.0.202411081344/tools/bin/../lib/gcc/arm-none-eabi/13.3.1/thumb/v7e-m+fp/hard\libgcc.a
LOAD C:/ST/STM32CubeIDE_1.18.1/STM32CubeIDE/plugins/com.st.stm32cube.ide.mcu.externaltools.gnu-tools-for-stm32.13.3.rel1.win32_1.0.0.202411081344/tools/bin/../lib/gcc/arm-none-eabi/13.3.1/../../../../arm-none-eabi/lib/thumb/v7e-m+fp/hard\libc_nano.a
END GROUP
START GROUP
LOAD C:/ST/STM32CubeIDE_1.18.1/STM32CubeIDE/plugins/com.st.stm32cube.ide.mcu.externaltools.gnu-tools-for-stm32.13.3.rel1.win32_1.0.0.202411081344/tools/bin/../lib/gcc/arm-none-eabi/13.3.1/thumb/v7e-m+fp/hard\libgcc.a
LOAD C:/ST/STM32CubeIDE_1.18.1/STM32CubeIDE/plugins/com.st.stm32cube.ide.mcu.externaltools.gnu-tools-for-stm32.13.3.rel1.win32_1.0.0.202411081344/tools/bin/../lib/gcc/arm-none-eabi/13.3.1/../../../../arm-none-eabi/lib/thumb/v7e-m+fp/hard\libc_nano.a
LOAD C:/ST/STM32CubeIDE_1.18.1/STM32CubeIDE/plugins/com.st.stm32cube.ide.mcu.externaltools.gnu-tools-for-stm32.13.3.rel1.win32_1.0.0.202411081344/tools/bin/../lib/gcc/arm-none-eabi/13.3.1/../../../../arm-none-eabi/lib/thumb/v7e-m+fp/hard\libnosys.a
END GROUP
START GROUP
LOAD C:/ST/STM32CubeIDE_1.18.1/STM32CubeIDE/plugins/com.st.stm32cube.ide.mcu.externaltools.gnu-tools-for-stm32.13.3.rel1.win32_1.0.0.202411081344/tools/bin/../lib/gcc/arm-none-eabi/13.3.1/thumb/v7e-m+fp/hard\libgcc.a
LOAD C:/ST/STM32CubeIDE_1.18.1/STM32CubeIDE/plugins/com.st.stm32cube.ide.mcu.externaltools.gnu-tools-for-stm32.13.3.rel1.win32_1.0.0.202411081344/tools/bin/../lib/gcc/arm-none-eabi/13.3.1/../../../../arm-none-eabi/lib/thumb/v7e-m+fp/hard\libc_nano.a
LOAD C:/ST/STM32CubeIDE_1.18.1/STM32CubeIDE/plugins/com.st.stm32cube.ide.mcu.externaltools.gnu-tools-for-stm32.13.3.rel1.win32_1.0.0.202411081344/tools/bin/../lib/gcc/arm-none-eabi/13.3.1/../../../../arm-none-eabi/lib/thumb/v7e-m+fp/hard\libnosys.a
END GROUP
LOAD C:/ST/STM32CubeIDE_1.18.1/STM32CubeIDE/plugins/com.st.stm32cube.ide.mcu.externaltools.gnu-tools-for-stm32.13.3.rel1.win32_1.0.0.202411081344/tools/bin/../lib/gcc/arm-none-eabi/13.3.1/thumb/v7e-m+fp/hard/crtend.o
LOAD C:/ST/STM32CubeIDE_1.18.1/STM32CubeIDE/plugins/com.st.stm32cube.ide.mcu.externaltools.gnu-tools-for-stm32.13.3.rel1.win32_1.0.0.202411081344/tools/bin/../lib/gcc/arm-none-eabi/13.3.1/thumb/v7e-m+fp/hard/crtn.o
                0x20020000                        _estack = (ORIGIN (RAM) + LENGTH (RAM))
                0x00000200                        _Min_Heap_Size = 0x200
                0x00000400                        _Min_Stack_Size = 0x400

.isr_vector     0x08000000      0x198
                0x08000000                        . = ALIGN (0x4)
 *(.isr_vector)
 .isr_vector    0x08000000      0x198 ./Core/Startup/startup_stm32f411retx.o
                0x08000000                g_pfnVectors
                0x08000198                        . = ALIGN (0x4)

.text           0x08000198      0xcb0
                0x08000198                        . = ALIGN (0x4)
 *(.text)
 .text          0x08000198       0x40 C:/ST/STM32CubeIDE_1.18.1/STM32CubeIDE/plugins/com.st.stm32cube.ide.mcu.externaltools.gnu-tools-for-stm32.13.3.rel1.win32_1.0.0.202411081344/tools/bin/../lib/gcc/arm-none-eabi/13.3.1/thumb/v7e-m+fp/hard/crtbegin.o
 *(.text*)
 .text.adc_init
                0x080001d8       0x68 ./Core/Src/adc.o
                0x080001d8                adc_init
 .text.adc_read
                0x08000240       0x34 ./Core/Src/adc.o
                0x08000240                adc_read
 .text.__NVIC_EnableIRQ
                0x08000274       0x3c ./Core/Src/button.o
 .text.button_init
                0x080002b0       0x6c ./Core/Src/button.o
                0x080002b0                button_init
 .text.buzzer_off
                0x0800031c       0x34 ./Core/Src/buzzer.o
                0x0800031c                buzzer_off
 .text.buzzer_check
                0x08000350       0x3c ./Core/Src/buzzer.o
                0x08000350                buzzer_check
 .text.rs_from_adc
                0x0800038c       0x88 ./Core/Src/gas_sensor.o
 .text.gas_sensor_init
                0x08000414        0xc ./Core/Src/gas_sensor.o
                0x08000414                gas_sensor_init
 .text.gas_sensor_calibrate
                0x08000420       0x58 ./Core/Src/gas_sensor.o
                0x08000420                gas_sensor_calibrate
 .text.gpio_init
                0x08000478      0x208 ./Core/Src/gpio.o
                0x08000478                gpio_init
 .text.i2c2_init
                0x08000680       0xf8 ./Core/Src/i2c.o
                0x08000680                i2c2_init
 .text.lcd_i2c_start
                0x08000778       0x48 ./Core/Src/lcd.o
                0x08000778                lcd_i2c_start
 .text.lcd_i2c_stop
                0x080007c0       0x20 ./Core/Src/lcd.o
                0x080007c0                lcd_i2c_stop
 .text.lcd_i2c_write
                0x080007e0       0x40 ./Core/Src/lcd.o
                0x080007e0                lcd_i2c_write
 .text.lcd_write_nibble
                0x08000820       0x72 ./Core/Src/lcd.o
                0x08000820                lcd_write_nibble
 .text.lcd_write_byte
                0x08000892       0x3a ./Core/Src/lcd.o
                0x08000892                lcd_write_byte
 .text.lcd_command
                0x080008cc       0x34 ./Core/Src/lcd.o
                0x080008cc                lcd_command
 .text.lcd_init
                0x08000900       0x64 ./Core/Src/lcd.o
                0x08000900                lcd_init
 .text.led_check
                0x08000964       0x8c ./Core/Src/led.o
                0x08000964                led_check
 .text.main     0x080009f0       0x3c ./Core/Src/main.o
                0x080009f0                main
 .text.__NVIC_SystemReset
                0x08000a2c       0x2c ./Core/Src/state_machine.o
 .text.state_machine_toggle
                0x08000a58       0x28 ./Core/Src/state_machine.o
                0x08000a58                state_machine_toggle
 .text.state_machine_reset
                0x08000a80        0x8 ./Core/Src/state_machine.o
                0x08000a80                state_machine_reset
 .text.EXTI15_10_IRQHandler
                0x08000a88       0x28 ./Core/Src/stm32f4xx_it.o
                0x08000a88                EXTI15_10_IRQHandler
 .text.EXTI3_IRQHandler
                0x08000ab0       0x28 ./Core/Src/stm32f4xx_it.o
                0x08000ab0                EXTI3_IRQHandler
 .text.NMI_Handler
                0x08000ad8        0x8 ./Core/Src/stm32f4xx_it.o
                0x08000ad8                NMI_Handler
 .text.HardFault_Handler
                0x08000ae0        0x8 ./Core/Src/stm32f4xx_it.o
                0x08000ae0                HardFault_Handler
 .text.MemManage_Handler
                0x08000ae8        0x8 ./Core/Src/stm32f4xx_it.o
                0x08000ae8                MemManage_Handler
 .text.BusFault_Handler
                0x08000af0        0x8 ./Core/Src/stm32f4xx_it.o
                0x08000af0                BusFault_Handler
 .text.UsageFault_Handler
                0x08000af8        0x8 ./Core/Src/stm32f4xx_it.o
                0x08000af8                UsageFault_Handler
 .text.SVC_Handler
                0x08000b00        0xe ./Core/Src/stm32f4xx_it.o
                0x08000b00                SVC_Handler
 .text.DebugMon_Handler
                0x08000b0e        0xe ./Core/Src/stm32f4xx_it.o
                0x08000b0e                DebugMon_Handler
 .text.PendSV_Handler
                0x08000b1c        0xe ./Core/Src/stm32f4xx_it.o
                0x08000b1c                PendSV_Handler
 .text.SysTick_Handler
                0x08000b2a       0x18 ./Core/Src/stm32f4xx_it.o
                0x08000b2a                SysTick_Handler
 *fill*         0x08000b42        0x2 
 .text.SystemInit
                0x08000b44       0x24 ./Core/Src/system_stm32f4xx.o
                0x08000b44                SystemInit
 .text.__NVIC_SetPriority
                0x08000b68       0x54 ./Core/Src/timer.o
 .text.SysTick_Config
                0x08000bbc       0x44 ./Core/Src/timer.o
 .text.timer_systick_callback
                0x08000c00       0x34 ./Core/Src/timer.o
                0x08000c00                timer_systick_callback
 .text.timer_init
                0x08000c34       0x24 ./Core/Src/timer.o
                0x08000c34                timer_init
 .text.millis   0x08000c58       0x18 ./Core/Src/timer.o
                0x08000c58                millis
 .text.timer_delay_ms
                0x08000c70       0x2c ./Core/Src/timer.o
                0x08000c70                timer_delay_ms
 .text.uart1_init
                0x08000c9c       0x74 ./Core/Src/uart.o
                0x08000c9c                uart1_init
 .text.uart1_send_char
                0x08000d10       0x30 ./Core/Src/uart.o
                0x08000d10                uart1_send_char
 .text.uart1_send_string
                0x08000d40       0x2a ./Core/Src/uart.o
                0x08000d40                uart1_send_string
 *fill*         0x08000d6a        0x2 
 .text.Reset_Handler
                0x08000d6c       0x50 ./Core/Startup/startup_stm32f411retx.o
                0x08000d6c                Reset_Handler
 .text.Default_Handler
                0x08000dbc        0x2 ./Core/Startup/startup_stm32f411retx.o
                0x08000dbc                RTC_Alarm_IRQHandler
                0x08000dbc                EXTI2_IRQHandler
                0x08000dbc                SPI4_IRQHandler
                0x08000dbc                TIM1_CC_IRQHandler
                0x08000dbc                DMA2_Stream5_IRQHandler
                0x08000dbc                DMA1_Stream5_IRQHandler
                0x08000dbc                PVD_IRQHandler
                0x08000dbc                SDIO_IRQHandler
                0x08000dbc                TAMP_STAMP_IRQHandler
                0x08000dbc                TIM1_UP_TIM10_IRQHandler
                0x08000dbc                I2C3_ER_IRQHandler
                0x08000dbc                EXTI0_IRQHandler
                0x08000dbc                I2C2_EV_IRQHandler
                0x08000dbc                DMA1_Stream2_IRQHandler
                0x08000dbc                FPU_IRQHandler
                0x08000dbc                DMA2_Stream2_IRQHandler
                0x08000dbc                SPI1_IRQHandler
                0x08000dbc                TIM1_BRK_TIM9_IRQHandler
                0x08000dbc                DMA2_Stream3_IRQHandler
                0x08000dbc                USART6_IRQHandler
                0x08000dbc                DMA2_Stream0_IRQHandler
                0x08000dbc                TIM4_IRQHandler
                0x08000dbc                I2C1_EV_IRQHandler
                0x08000dbc                DMA1_Stream6_IRQHandler
                0x08000dbc                DMA1_Stream1_IRQHandler
                0x08000dbc                TIM3_IRQHandler
                0x08000dbc                RCC_IRQHandler
                0x08000dbc                Default_Handler
                0x08000dbc                ADC_IRQHandler
                0x08000dbc                DMA1_Stream7_IRQHandler
                0x08000dbc                SPI5_IRQHandler
                0x08000dbc                TIM5_IRQHandler
                0x08000dbc                DMA2_Stream7_IRQHandler
                0x08000dbc                I2C3_EV_IRQHandler
                0x08000dbc                EXTI9_5_IRQHandler
                0x08000dbc                RTC_WKUP_IRQHandler
                0x08000dbc                SPI2_IRQHandler
                0x08000dbc                DMA1_Stream0_IRQHandler
                0x08000dbc                EXTI4_IRQHandler
                0x08000dbc                WWDG_IRQHandler
                0x08000dbc                TIM2_IRQHandler
                0x08000dbc                OTG_FS_WKUP_IRQHandler
                0x08000dbc                TIM1_TRG_COM_TIM11_IRQHandler
                0x08000dbc                EXTI1_IRQHandler
                0x08000dbc                USART2_IRQHandler
                0x08000dbc                I2C2_ER_IRQHandler
                0x08000dbc                DMA2_Stream1_IRQHandler
                0x08000dbc                FLASH_IRQHandler
                0x08000dbc                DMA2_Stream4_IRQHandler
                0x08000dbc                USART1_IRQHandler
                0x08000dbc                OTG_FS_IRQHandler
                0x08000dbc                SPI3_IRQHandler
                0x08000dbc                DMA1_Stream4_IRQHandler
                0x08000dbc                I2C1_ER_IRQHandler
                0x08000dbc                DMA2_Stream6_IRQHandler
                0x08000dbc                DMA1_Stream3_IRQHandler
 *fill*         0x08000dbe        0x2 
 .text.HAL_IncTick
                0x08000dc0       0x28 ./Drivers/STM32F4xx_HAL_Driver/Src/stm32f4xx_hal.o
                0x08000dc0                HAL_IncTick
 .text.__libc_init_array
                0x08000de8       0x48 C:/ST/STM32CubeIDE_1.18.1/STM32CubeIDE/plugins/com.st.stm32cube.ide.mcu.externaltools.gnu-tools-for-stm32.13.3.rel1.win32_1.0.0.202411081344/tools/bin/../lib/gcc/arm-none-eabi/13.3.1/../../../../arm-none-eabi/lib/thumb/v7e-m+fp/hard\libc_nano.a(libc_a-init.o)
                0x08000de8                __libc_init_array
 *(.glue_7)
 .glue_7        0x08000e30        0x0 linker stubs
 *(.glue_7t)
 .glue_7t       0x08000e30        0x0 linker stubs
 *(.eh_frame)
 .eh_frame      0x08000e30        0x0 C:/ST/STM32CubeIDE_1.18.1/STM32CubeIDE/plugins/com.st.stm32cube.ide.mcu.externaltools.gnu-tools-for-stm32.13.3.rel1.win32_1.0.0.202411081344/tools/bin/../lib/gcc/arm-none-eabi/13.3.1/thumb/v7e-m+fp/hard/crtbegin.o
 *(.init)
 .init          0x08000e30        0x4 C:/ST/STM32CubeIDE_1.18.1/STM32CubeIDE/plugins/com.st.stm32cube.ide.mcu.externaltools.gnu-tools-for-stm32.13.3.rel1.win32_1.0.0.202411081344/tools/bin/../lib/gcc/arm-none-eabi/13.3.1/thumb/v7e-m+fp/hard/crti.o
                0x08000e30                _init
 .init          0x08000e34        0x8 C:/ST/STM32CubeIDE_1.18.1/STM32CubeIDE/plugins/com.st.stm32cube.ide.mcu.externaltools.gnu-tools-for-stm32.13.3.rel1.win32_1.0.0.202411081344/tools/bin/../lib/gcc/arm-none-eabi/13.3.1/thumb/v7e-m+fp/hard/crtn.o
 *(.fini)
 .fini          0x08000e3c        0x4 C:/ST/STM32CubeIDE_1.18.1/STM32CubeIDE/plugins/com.st.stm32cube.ide.mcu.externaltools.gnu-tools-for-stm32.13.3.rel1.win32_1.0.0.202411081344/tools/bin/../lib/gcc/arm-none-eabi/13.3.1/thumb/v7e-m+fp/hard/crti.o
                0x08000e3c                _fini
 .fini          0x08000e40        0x8 C:/ST/STM32CubeIDE_1.18.1/STM32CubeIDE/plugins/com.st.stm32cube.ide.mcu.externaltools.gnu-tools-for-stm32.13.3.rel1.win32_1.0.0.202411081344/tools/bin/../lib/gcc/arm-none-eabi/13.3.1/thumb/v7e-m+fp/hard/crtn.o
                0x08000e48                        . = ALIGN (0x4)
                0x08000e48                        _etext = .

.vfp11_veneer   0x08000e48        0x0
 .vfp11_veneer  0x08000e48        0x0 linker stubs

.v4_bx          0x08000e48        0x0
 .v4_bx         0x08000e48        0x0 linker stubs

.iplt           0x08000e48        0x0
 .iplt          0x08000e48        0x0 C:/ST/STM32CubeIDE_1.18.1/STM32CubeIDE/plugins/com.st.stm32cube.ide.mcu.externaltools.gnu-tools-for-stm32.13.3.rel1.win32_1.0.0.202411081344/tools/bin/../lib/gcc/arm-none-eabi/13.3.1/thumb/v7e-m+fp/hard/crtbegin.o

.rodata         0x08000e48       0x14
                0x08000e48                        . = ALIGN (0x4)
 *(.rodata)
 .rodata        0x08000e48       0x14 ./Core/Src/main.o
 *(.rodata*)
                0x08000e5c                        . = ALIGN (0x4)

.ARM.extab      0x08000e5c        0x0
                0x08000e5c                        . = ALIGN (0x4)
 *(.ARM.extab* .gnu.linkonce.armextab.*)
                0x08000e5c                        . = ALIGN (0x4)

.ARM            0x08000e5c        0x0
                0x08000e5c                        . = ALIGN (0x4)
                0x08000e5c                        __exidx_start = .
 *(.ARM.exidx*)
                0x08000e5c                        __exidx_end = .
                0x08000e5c                        . = ALIGN (0x4)

.preinit_array  0x08000e5c        0x0
                0x08000e5c                        . = ALIGN (0x4)
                0x08000e5c                        PROVIDE (__preinit_array_start = .)
 *(.preinit_array*)
                0x08000e5c                        PROVIDE (__preinit_array_end = .)
                0x08000e5c                        . = ALIGN (0x4)

.init_array     0x08000e5c        0x4
                0x08000e5c                        . = ALIGN (0x4)
                0x08000e5c                        PROVIDE (__init_array_start = .)
 *(SORT_BY_NAME(.init_array.*))
 *(.init_array*)
 .init_array    0x08000e5c        0x4 C:/ST/STM32CubeIDE_1.18.1/STM32CubeIDE/plugins/com.st.stm32cube.ide.mcu.externaltools.gnu-tools-for-stm32.13.3.rel1.win32_1.0.0.202411081344/tools/bin/../lib/gcc/arm-none-eabi/13.3.1/thumb/v7e-m+fp/hard/crtbegin.o
                0x08000e60                        PROVIDE (__init_array_end = .)
                0x08000e60                        . = ALIGN (0x4)

.fini_array     0x08000e60        0x4
                0x08000e60                        . = ALIGN (0x4)
                [!provide]                        PROVIDE (__fini_array_start = .)
 *(SORT_BY_NAME(.fini_array.*))
 *(.fini_array*)
 .fini_array    0x08000e60        0x4 C:/ST/STM32CubeIDE_1.18.1/STM32CubeIDE/plugins/com.st.stm32cube.ide.mcu.externaltools.gnu-tools-for-stm32.13.3.rel1.win32_1.0.0.202411081344/tools/bin/../lib/gcc/arm-none-eabi/13.3.1/thumb/v7e-m+fp/hard/crtbegin.o
                [!provide]                        PROVIDE (__fini_array_end = .)
                0x08000e64                        . = ALIGN (0x4)
                0x08000e64                        _sidata = LOADADDR (.data)

.rel.dyn        0x08000e64        0x0
 .rel.iplt      0x08000e64        0x0 C:/ST/STM32CubeIDE_1.18.1/STM32CubeIDE/plugins/com.st.stm32cube.ide.mcu.externaltools.gnu-tools-for-stm32.13.3.rel1.win32_1.0.0.202411081344/tools/bin/../lib/gcc/arm-none-eabi/13.3.1/thumb/v7e-m+fp/hard/crtbegin.o

.data           0x20000000       0x4c load address 0x08000e64
                0x20000000                        . = ALIGN (0x4)
                0x20000000                        _sdata = .
 *(.data)
 *(.data*)
 .data.R0       0x20000000        0x4 ./Core/Src/gas_sensor.o
 .data.leds     0x20000004       0x40 ./Core/Src/led.o
 .data.SystemCoreClock
                0x20000044        0x4 ./Core/Src/system_stm32f4xx.o
                0x20000044                SystemCoreClock
 .data.uwTickFreq
                0x20000048        0x1 ./Drivers/STM32F4xx_HAL_Driver/Src/stm32f4xx_hal.o
                0x20000048                uwTickFreq
 *(.RamFunc)
 *(.RamFunc*)
                0x2000004c                        . = ALIGN (0x4)
 *fill*         0x20000049        0x3 
                0x2000004c                        _edata = .

.igot.plt       0x2000004c        0x0 load address 0x08000eb0
 .igot.plt      0x2000004c        0x0 C:/ST/STM32CubeIDE_1.18.1/STM32CubeIDE/plugins/com.st.stm32cube.ide.mcu.externaltools.gnu-tools-for-stm32.13.3.rel1.win32_1.0.0.202411081344/tools/bin/../lib/gcc/arm-none-eabi/13.3.1/thumb/v7e-m+fp/hard/crtbegin.o
                0x2000004c                        . = ALIGN (0x4)

.bss            0x2000004c       0x38 load address 0x08000eb0
                0x2000004c                        _sbss = .
                0x2000004c                        __bss_start__ = _sbss
 *(.bss)
 .bss           0x2000004c       0x1c C:/ST/STM32CubeIDE_1.18.1/STM32CubeIDE/plugins/com.st.stm32cube.ide.mcu.externaltools.gnu-tools-for-stm32.13.3.rel1.win32_1.0.0.202411081344/tools/bin/../lib/gcc/arm-none-eabi/13.3.1/thumb/v7e-m+fp/hard/crtbegin.o
 *(.bss*)
 .bss.buzzer_start
                0x20000068        0x4 ./Core/Src/buzzer.o
 .bss.buzzer_active
                0x2000006c        0x4 ./Core/Src/buzzer.o
 .bss.buzzer_duration
                0x20000070        0x4 ./Core/Src/buzzer.o
 .bss.system_state
                0x20000074        0x1 ./Core/Src/state_machine.o
 *fill*         0x20000075        0x3 
 .bss.system_millis
                0x20000078        0x4 ./Core/Src/timer.o
 .bss.blocking_delay
                0x2000007c        0x4 ./Core/Src/timer.o
 .bss.uwTick    0x20000080        0x4 ./Drivers/STM32F4xx_HAL_Driver/Src/stm32f4xx_hal.o
                0x20000080                uwTick
 *(COMMON)
                0x20000084                        . = ALIGN (0x4)
                0x20000084                        _ebss = .
                0x20000084                        __bss_end__ = _ebss

._user_heap_stack
                0x20000084      0x604 load address 0x08000eb0
                0x20000088                        . = ALIGN (0x8)
 *fill*         0x20000084        0x4 
                [!provide]                        PROVIDE (end = .)
                0x20000088                        PROVIDE (_end = .)
                0x20000288                        . = (. + _Min_Heap_Size)
 *fill*         0x20000088      0x200 
                0x20000688                        . = (. + _Min_Stack_Size)
 *fill*         0x20000288      0x400 
                0x20000688                        . = ALIGN (0x8)

/DISCARD/
 libc.a(*)
 libm.a(*)
 libgcc.a(*)

.ARM.attributes
                0x00000000       0x30
 *(.ARM.attributes)
 .ARM.attributes
                0x00000000       0x22 C:/ST/STM32CubeIDE_1.18.1/STM32CubeIDE/plugins/com.st.stm32cube.ide.mcu.externaltools.gnu-tools-for-stm32.13.3.rel1.win32_1.0.0.202411081344/tools/bin/../lib/gcc/arm-none-eabi/13.3.1/thumb/v7e-m+fp/hard/crti.o
 .ARM.attributes
                0x00000022       0x34 C:/ST/STM32CubeIDE_1.18.1/STM32CubeIDE/plugins/com.st.stm32cube.ide.mcu.externaltools.gnu-tools-for-stm32.13.3.rel1.win32_1.0.0.202411081344/tools/bin/../lib/gcc/arm-none-eabi/13.3.1/thumb/v7e-m+fp/hard/crtbegin.o
 .ARM.attributes
                0x00000056       0x34 ./Core/Src/adc.o
 .ARM.attributes
                0x0000008a       0x34 ./Core/Src/button.o
 .ARM.attributes
                0x000000be       0x34 ./Core/Src/buzzer.o
 .ARM.attributes
                0x000000f2       0x34 ./Core/Src/gas_sensor.o
 .ARM.attributes
                0x00000126       0x34 ./Core/Src/gpio.o
 .ARM.attributes
                0x0000015a       0x34 ./Core/Src/i2c.o
 .ARM.attributes
                0x0000018e       0x34 ./Core/Src/lcd.o
 .ARM.attributes
                0x000001c2       0x34 ./Core/Src/led.o
 .ARM.attributes
                0x000001f6       0x34 ./Core/Src/main.o
 .ARM.attributes
                0x0000022a       0x34 ./Core/Src/state_machine.o
 .ARM.attributes
                0x0000025e       0x34 ./Core/Src/stm32f4xx_it.o
 .ARM.attributes
                0x00000292       0x34 ./Core/Src/system_stm32f4xx.o
 .ARM.attributes
                0x000002c6       0x34 ./Core/Src/timer.o
 .ARM.attributes
                0x000002fa       0x34 ./Core/Src/uart.o
 .ARM.attributes
                0x0000032e       0x21 ./Core/Startup/startup_stm32f411retx.o
 .ARM.attributes
                0x0000034f       0x34 ./Drivers/STM32F4xx_HAL_Driver/Src/stm32f4xx_hal.o
 .ARM.attributes
                0x00000383       0x34 C:/ST/STM32CubeIDE_1.18.1/STM32CubeIDE/plugins/com.st.stm32cube.ide.mcu.externaltools.gnu-tools-for-stm32.13.3.rel1.win32_1.0.0.202411081344/tools/bin/../lib/gcc/arm-none-eabi/13.3.1/../../../../arm-none-eabi/lib/thumb/v7e-m+fp/hard\libc_nano.a(libc_a-init.o)
 .ARM.attributes
                0x000003b7       0x22 C:/ST/STM32CubeIDE_1.18.1/STM32CubeIDE/plugins/com.st.stm32cube.ide.mcu.externaltools.gnu-tools-for-stm32.13.3.rel1.win32_1.0.0.202411081344/tools/bin/../lib/gcc/arm-none-eabi/13.3.1/thumb/v7e-m+fp/hard/crtn.o
OUTPUT(ELT3240-Final.elf elf32-littlearm)
LOAD linker stubs
LOAD C:/ST/STM32CubeIDE_1.18.1/STM32CubeIDE/plugins/com.st.stm32cube.ide.mcu.externaltools.gnu-tools-for-stm32.13.3.rel1.win32_1.0.0.202411081344/tools/bin/../lib/gcc/arm-none-eabi/13.3.1/../../../../arm-none-eabi/lib/thumb/v7e-m+fp/hard\libc.a
LOAD C:/ST/STM32CubeIDE_1.18.1/STM32CubeIDE/plugins/com.st.stm32cube.ide.mcu.externaltools.gnu-tools-for-stm32.13.3.rel1.win32_1.0.0.202411081344/tools/bin/../lib/gcc/arm-none-eabi/13.3.1/../../../../arm-none-eabi/lib/thumb/v7e-m+fp/hard\libm.a
LOAD C:/ST/STM32CubeIDE_1.18.1/STM32CubeIDE/plugins/com.st.stm32cube.ide.mcu.externaltools.gnu-tools-for-stm32.13.3.rel1.win32_1.0.0.202411081344/tools/bin/../lib/gcc/arm-none-eabi/13.3.1/thumb/v7e-m+fp/hard\libgcc.a

.debug_info     0x00000000     0x396b
 .debug_info    0x00000000      0x440 ./Core/Src/adc.o
 .debug_info    0x00000440      0x49d ./Core/Src/button.o
 .debug_info    0x000008dd      0x1b0 ./Core/Src/buzzer.o
 .debug_info    0x00000a8d      0x219 ./Core/Src/gas_sensor.o
 .debug_info    0x00000ca6      0x2ef ./Core/Src/gpio.o
 .debug_info    0x00000f95      0x3bc ./Core/Src/i2c.o
 .debug_info    0x00001351      0x2ef ./Core/Src/lcd.o
 .debug_info    0x00001640      0x377 ./Core/Src/led.o
 .debug_info    0x000019b7      0x112 ./Core/Src/main.o
 .debug_info    0x00001ac9      0x4ac ./Core/Src/state_machine.o
 .debug_info    0x00001f75      0x1cd ./Core/Src/stm32f4xx_it.o
 .debug_info    0x00002142      0x53e ./Core/Src/system_stm32f4xx.o
 .debug_info    0x00002680      0x648 ./Core/Src/timer.o
 .debug_info    0x00002cc8      0x3af ./Core/Src/uart.o
 .debug_info    0x00003077       0x30 ./Core/Startup/startup_stm32f411retx.o
 .debug_info    0x000030a7      0x8c4 ./Drivers/STM32F4xx_HAL_Driver/Src/stm32f4xx_hal.o

.debug_abbrev   0x00000000     0x1334
 .debug_abbrev  0x00000000      0x107 ./Core/Src/adc.o
 .debug_abbrev  0x00000107      0x16b ./Core/Src/button.o
 .debug_abbrev  0x00000272      0x11c ./Core/Src/buzzer.o
 .debug_abbrev  0x0000038e      0x12b ./Core/Src/gas_sensor.o
 .debug_abbrev  0x000004b9       0xb5 ./Core/Src/gpio.o
 .debug_abbrev  0x0000056e       0xe3 ./Core/Src/i2c.o
 .debug_abbrev  0x00000651      0x13e ./Core/Src/lcd.o
 .debug_abbrev  0x0000078f      0x191 ./Core/Src/led.o
 .debug_abbrev  0x00000920       0x97 ./Core/Src/main.o
 .debug_abbrev  0x000009b7      0x226 ./Core/Src/state_machine.o
 .debug_abbrev  0x00000bdd       0xd9 ./Core/Src/stm32f4xx_it.o
 .debug_abbrev  0x00000cb6      0x11a ./Core/Src/system_stm32f4xx.o
 .debug_abbrev  0x00000dd0      0x1e8 ./Core/Src/timer.o
 .debug_abbrev  0x00000fb8      0x10d ./Core/Src/uart.o
 .debug_abbrev  0x000010c5       0x24 ./Core/Startup/startup_stm32f411retx.o
 .debug_abbrev  0x000010e9      0x24b ./Drivers/STM32F4xx_HAL_Driver/Src/stm32f4xx_hal.o

.debug_aranges  0x00000000      0x450
 .debug_aranges
                0x00000000       0x28 ./Core/Src/adc.o
 .debug_aranges
                0x00000028       0x28 ./Core/Src/button.o
 .debug_aranges
                0x00000050       0x30 ./Core/Src/buzzer.o
 .debug_aranges
                0x00000080       0x38 ./Core/Src/gas_sensor.o
 .debug_aranges
                0x000000b8       0x20 ./Core/Src/gpio.o
 .debug_aranges
                0x000000d8       0x28 ./Core/Src/i2c.o
 .debug_aranges
                0x00000100       0x60 ./Core/Src/lcd.o
 .debug_aranges
                0x00000160       0x58 ./Core/Src/led.o
 .debug_aranges
                0x000001b8       0x20 ./Core/Src/main.o
 .debug_aranges
                0x000001d8       0x48 ./Core/Src/state_machine.o
 .debug_aranges
                0x00000220       0x70 ./Core/Src/stm32f4xx_it.o
 .debug_aranges
                0x00000290       0x28 ./Core/Src/system_stm32f4xx.o
 .debug_aranges
                0x000002b8       0x50 ./Core/Src/timer.o
 .debug_aranges
                0x00000308       0x30 ./Core/Src/uart.o
 .debug_aranges
                0x00000338       0x28 ./Core/Startup/startup_stm32f411retx.o
 .debug_aranges
                0x00000360       0xf0 ./Drivers/STM32F4xx_HAL_Driver/Src/stm32f4xx_hal.o

.debug_rnglists
                0x00000000      0x2f4
 .debug_rnglists
                0x00000000       0x19 ./Core/Src/adc.o
 .debug_rnglists
                0x00000019       0x19 ./Core/Src/button.o
 .debug_rnglists
                0x00000032       0x1f ./Core/Src/buzzer.o
 .debug_rnglists
                0x00000051       0x27 ./Core/Src/gas_sensor.o
 .debug_rnglists
                0x00000078       0x14 ./Core/Src/gpio.o
 .debug_rnglists
                0x0000008c       0x1b ./Core/Src/i2c.o
 .debug_rnglists
                0x000000a7       0x43 ./Core/Src/lcd.o
 .debug_rnglists
                0x000000ea       0x3e ./Core/Src/led.o
 .debug_rnglists
                0x00000128       0x13 ./Core/Src/main.o
 .debug_rnglists
                0x0000013b       0x32 ./Core/Src/state_machine.o
 .debug_rnglists
                0x0000016d       0x4f ./Core/Src/stm32f4xx_it.o
 .debug_rnglists
                0x000001bc       0x1a ./Core/Src/system_stm32f4xx.o
 .debug_rnglists
                0x000001d6       0x37 ./Core/Src/timer.o
 .debug_rnglists
                0x0000020d       0x1f ./Core/Src/uart.o
 .debug_rnglists
                0x0000022c       0x19 ./Core/Startup/startup_stm32f411retx.o
 .debug_rnglists
                0x00000245       0xaf ./Drivers/STM32F4xx_HAL_Driver/Src/stm32f4xx_hal.o

.debug_macro    0x00000000    0x16250
 .debug_macro   0x00000000      0x1c4 ./Core/Src/adc.o
 .debug_macro   0x000001c4      0xad8 ./Core/Src/adc.o
 .debug_macro   0x00000c9c       0x2e ./Core/Src/adc.o
 .debug_macro   0x00000cca       0x28 ./Core/Src/adc.o
 .debug_macro   0x00000cf2       0x22 ./Core/Src/adc.o
 .debug_macro   0x00000d14       0x8e ./Core/Src/adc.o
 .debug_macro   0x00000da2       0x51 ./Core/Src/adc.o
 .debug_macro   0x00000df3      0x103 ./Core/Src/adc.o
 .debug_macro   0x00000ef6       0x6a ./Core/Src/adc.o
 .debug_macro   0x00000f60      0x1df ./Core/Src/adc.o
 .debug_macro   0x0000113f       0x1c ./Core/Src/adc.o
 .debug_macro   0x0000115b       0x22 ./Core/Src/adc.o
 .debug_macro   0x0000117d       0xfb ./Core/Src/adc.o
 .debug_macro   0x00001278     0x1011 ./Core/Src/adc.o
 .debug_macro   0x00002289      0x11f ./Core/Src/adc.o
 .debug_macro   0x000023a8     0xb968 ./Core/Src/adc.o
 .debug_macro   0x0000dd10       0x6d ./Core/Src/adc.o
 .debug_macro   0x0000dd7d      0x295 ./Core/Src/adc.o
 .debug_macro   0x0000e012     0x3693 ./Core/Src/adc.o
 .debug_macro   0x000116a5      0x190 ./Core/Src/adc.o
 .debug_macro   0x00011835       0x5c ./Core/Src/adc.o
 .debug_macro   0x00011891      0x45c ./Core/Src/adc.o
 .debug_macro   0x00011ced      0x9e9 ./Core/Src/adc.o
 .debug_macro   0x000126d6      0x115 ./Core/Src/adc.o
 .debug_macro   0x000127eb      0x11b ./Core/Src/adc.o
 .debug_macro   0x00012906       0xa5 ./Core/Src/adc.o
 .debug_macro   0x000129ab      0x15f ./Core/Src/adc.o
 .debug_macro   0x00012b0a      0x287 ./Core/Src/adc.o
 .debug_macro   0x00012d91       0x5f ./Core/Src/adc.o
 .debug_macro   0x00012df0      0x236 ./Core/Src/adc.o
 .debug_macro   0x00013026      0x132 ./Core/Src/adc.o
 .debug_macro   0x00013158      0x264 ./Core/Src/adc.o
 .debug_macro   0x000133bc       0x2e ./Core/Src/adc.o
 .debug_macro   0x000133ea      0x127 ./Core/Src/adc.o
 .debug_macro   0x00013511       0x85 ./Core/Src/adc.o
 .debug_macro   0x00013596       0x89 ./Core/Src/adc.o
 .debug_macro   0x0001361f      0x2aa ./Core/Src/adc.o
 .debug_macro   0x000138c9      0x126 ./Core/Src/adc.o
 .debug_macro   0x000139ef      0x1c4 ./Core/Src/button.o
 .debug_macro   0x00013bb3      0x1cd ./Core/Src/buzzer.o
 .debug_macro   0x00013d80       0x10 ./Core/Src/buzzer.o
 .debug_macro   0x00013d90      0x133 ./Core/Src/gas_sensor.o
 .debug_macro   0x00013ec3       0x61 ./Core/Src/gas_sensor.o
 .debug_macro   0x00013f24       0x2a ./Core/Src/gas_sensor.o
 .debug_macro   0x00013f4e       0x43 ./Core/Src/gas_sensor.o
 .debug_macro   0x00013f91       0x34 ./Core/Src/gas_sensor.o
 .debug_macro   0x00013fc5      0x370 ./Core/Src/gas_sensor.o
 .debug_macro   0x00014335       0x16 ./Core/Src/gas_sensor.o
 .debug_macro   0x0001434b       0x4a ./Core/Src/gas_sensor.o
 .debug_macro   0x00014395       0x34 ./Core/Src/gas_sensor.o
 .debug_macro   0x000143c9       0x10 ./Core/Src/gas_sensor.o
 .debug_macro   0x000143d9       0x58 ./Core/Src/gas_sensor.o
 .debug_macro   0x00014431       0x8e ./Core/Src/gas_sensor.o
 .debug_macro   0x000144bf       0x1c ./Core/Src/gas_sensor.o
 .debug_macro   0x000144db      0x185 ./Core/Src/gas_sensor.o
 .debug_macro   0x00014660      0x19b ./Core/Src/gas_sensor.o
 .debug_macro   0x000147fb      0x1ba ./Core/Src/gpio.o
 .debug_macro   0x000149b5      0x1c4 ./Core/Src/i2c.o
 .debug_macro   0x00014b79      0x1c3 ./Core/Src/lcd.o
 .debug_macro   0x00014d3c       0x22 ./Core/Src/lcd.o
 .debug_macro   0x00014d5e      0x1d3 ./Core/Src/led.o
 .debug_macro   0x00014f31       0x28 ./Core/Src/led.o
 .debug_macro   0x00014f59      0x2fd ./Core/Src/main.o
 .debug_macro   0x00015256       0x16 ./Core/Src/main.o
 .debug_macro   0x0001526c       0x3c ./Core/Src/main.o
 .debug_macro   0x000152a8       0x10 ./Core/Src/main.o
 .debug_macro   0x000152b8       0x16 ./Core/Src/main.o
 .debug_macro   0x000152ce       0x16 ./Core/Src/main.o
 .debug_macro   0x000152e4      0x146 ./Core/Src/main.o
 .debug_macro   0x0001542a      0x2cb ./Core/Src/state_machine.o
 .debug_macro   0x000156f5       0x9e ./Core/Src/state_machine.o
 .debug_macro   0x00015793      0x112 ./Core/Src/state_machine.o
 .debug_macro   0x000158a5       0x56 ./Core/Src/state_machine.o
 .debug_macro   0x000158fb      0x1f9 ./Core/Src/stm32f4xx_it.o
 .debug_macro   0x00015af4      0x1ba ./Core/Src/system_stm32f4xx.o
 .debug_macro   0x00015cae      0x1c4 ./Core/Src/timer.o
 .debug_macro   0x00015e72      0x1c4 ./Core/Src/uart.o
 .debug_macro   0x00016036      0x21a ./Drivers/STM32F4xx_HAL_Driver/Src/stm32f4xx_hal.o

.debug_line     0x00000000     0x7b32
 .debug_line    0x00000000      0x765 ./Core/Src/adc.o
 .debug_line    0x00000765      0x781 ./Core/Src/button.o
 .debug_line    0x00000ee6      0x793 ./Core/Src/buzzer.o
 .debug_line    0x00001679      0x63a ./Core/Src/gas_sensor.o
 .debug_line    0x00001cb3      0x7ee ./Core/Src/gpio.o
 .debug_line    0x000024a1      0x80d ./Core/Src/i2c.o
 .debug_line    0x00002cae      0x8bb ./Core/Src/lcd.o
 .debug_line    0x00003569      0x917 ./Core/Src/led.o
 .debug_line    0x00003e80      0x8db ./Core/Src/main.o
 .debug_line    0x0000475b      0xa02 ./Core/Src/state_machine.o
 .debug_line    0x0000515d      0x846 ./Core/Src/stm32f4xx_it.o
 .debug_line    0x000059a3      0x78b ./Core/Src/system_stm32f4xx.o
 .debug_line    0x0000612e      0x7f3 ./Core/Src/timer.o
 .debug_line    0x00006921      0x790 ./Core/Src/uart.o
 .debug_line    0x000070b1       0x7a ./Core/Startup/startup_stm32f411retx.o
 .debug_line    0x0000712b      0xa07 ./Drivers/STM32F4xx_HAL_Driver/Src/stm32f4xx_hal.o

.debug_str      0x00000000    0x8520d
 .debug_str     0x00000000    0x8520d ./Core/Src/adc.o
                              0x8010a (size before relaxing)
 .debug_str     0x0008520d    0x803d9 ./Core/Src/button.o
 .debug_str     0x0008520d    0x7ffe5 ./Core/Src/buzzer.o
 .debug_str     0x0008520d     0x7b7a ./Core/Src/gas_sensor.o
 .debug_str     0x0008520d    0x8007b ./Core/Src/gpio.o
 .debug_str     0x0008520d    0x800d3 ./Core/Src/i2c.o
 .debug_str     0x0008520d    0x80042 ./Core/Src/lcd.o
 .debug_str     0x0008520d    0x80094 ./Core/Src/led.o
 .debug_str     0x0008520d    0x83883 ./Core/Src/main.o
 .debug_str     0x0008520d    0x839f8 ./Core/Src/state_machine.o
 .debug_str     0x0008520d    0x80241 ./Core/Src/stm32f4xx_it.o
 .debug_str     0x0008520d    0x80119 ./Core/Src/system_stm32f4xx.o
 .debug_str     0x0008520d    0x8047d ./Core/Src/timer.o
 .debug_str     0x0008520d    0x800bb ./Core/Src/uart.o
 .debug_str     0x0008520d       0x85 ./Core/Startup/startup_stm32f411retx.o
 .debug_str     0x0008520d    0x80b45 ./Drivers/STM32F4xx_HAL_Driver/Src/stm32f4xx_hal.o

.comment        0x00000000       0x43
 .comment       0x00000000       0x43 ./Core/Src/adc.o
                                 0x44 (size before relaxing)
 .comment       0x00000043       0x44 ./Core/Src/button.o
 .comment       0x00000043       0x44 ./Core/Src/buzzer.o
 .comment       0x00000043       0x44 ./Core/Src/gas_sensor.o
 .comment       0x00000043       0x44 ./Core/Src/gpio.o
 .comment       0x00000043       0x44 ./Core/Src/i2c.o
 .comment       0x00000043       0x44 ./Core/Src/lcd.o
 .comment       0x00000043       0x44 ./Core/Src/led.o
 .comment       0x00000043       0x44 ./Core/Src/main.o
 .comment       0x00000043       0x44 ./Core/Src/state_machine.o
 .comment       0x00000043       0x44 ./Core/Src/stm32f4xx_it.o
 .comment       0x00000043       0x44 ./Core/Src/system_stm32f4xx.o
 .comment       0x00000043       0x44 ./Core/Src/timer.o
 .comment       0x00000043       0x44 ./Core/Src/uart.o
 .comment       0x00000043       0x44 ./Drivers/STM32F4xx_HAL_Driver/Src/stm32f4xx_hal.o

.debug_frame    0x00000000      0xc74
 .debug_frame   0x00000000       0x50 ./Core/Src/adc.o
 .debug_frame   0x00000050       0x54 ./Core/Src/button.o
 .debug_frame   0x000000a4       0x70 ./Core/Src/buzzer.o
 .debug_frame   0x00000114       0x9c ./Core/Src/gas_sensor.o
 .debug_frame   0x000001b0       0x30 ./Core/Src/gpio.o
 .debug_frame   0x000001e0       0x58 ./Core/Src/i2c.o
 .debug_frame   0x00000238      0x150 ./Core/Src/lcd.o
 .debug_frame   0x00000388      0x148 ./Core/Src/led.o
 .debug_frame   0x000004d0       0x2c ./Core/Src/main.o
 .debug_frame   0x000004fc       0xc8 ./Core/Src/state_machine.o
 .debug_frame   0x000005c4      0x13c ./Core/Src/stm32f4xx_it.o
 .debug_frame   0x00000700       0x58 ./Core/Src/system_stm32f4xx.o
 .debug_frame   0x00000758      0x100 ./Core/Src/timer.o
 .debug_frame   0x00000858       0x7c ./Core/Src/uart.o
 .debug_frame   0x000008d4      0x374 ./Drivers/STM32F4xx_HAL_Driver/Src/stm32f4xx_hal.o
 .debug_frame   0x00000c48       0x2c C:/ST/STM32CubeIDE_1.18.1/STM32CubeIDE/plugins/com.st.stm32cube.ide.mcu.externaltools.gnu-tools-for-stm32.13.3.rel1.win32_1.0.0.202411081344/tools/bin/../lib/gcc/arm-none-eabi/13.3.1/../../../../arm-none-eabi/lib/thumb/v7e-m+fp/hard\libc_nano.a(libc_a-init.o)

.debug_line_str
                0x00000000       0x69
 .debug_line_str
                0x00000000       0x69 ./Core/Startup/startup_stm32f411retx.o
