Archive member included to satisfy reference by file (symbol)

C:/ST/STM32CubeIDE_1.18.1/STM32CubeIDE/plugins/com.st.stm32cube.ide.mcu.externaltools.gnu-tools-for-stm32.13.3.rel1.win32_1.0.0.202411081344/tools/bin/../lib/gcc/arm-none-eabi/13.3.1/../../../../arm-none-eabi/lib/thumb/v7e-m+fp/hard\libc_nano.a(libc_a-exit.o)
                              C:/ST/STM32CubeIDE_1.18.1/STM32CubeIDE/plugins/com.st.stm32cube.ide.mcu.externaltools.gnu-tools-for-stm32.13.3.rel1.win32_1.0.0.202411081344/tools/bin/../lib/gcc/arm-none-eabi/13.3.1/../../../../arm-none-eabi/lib/thumb/v7e-m+fp/hard/crt0.o (exit)
C:/ST/STM32CubeIDE_1.18.1/STM32CubeIDE/plugins/com.st.stm32cube.ide.mcu.externaltools.gnu-tools-for-stm32.13.3.rel1.win32_1.0.0.202411081344/tools/bin/../lib/gcc/arm-none-eabi/13.3.1/../../../../arm-none-eabi/lib/thumb/v7e-m+fp/hard\libc_nano.a(libc_a-findfp.o)
                              C:/ST/STM32CubeIDE_1.18.1/STM32CubeIDE/plugins/com.st.stm32cube.ide.mcu.externaltools.gnu-tools-for-stm32.13.3.rel1.win32_1.0.0.202411081344/tools/bin/../lib/gcc/arm-none-eabi/13.3.1/../../../../arm-none-eabi/lib/thumb/v7e-m+fp/hard\libc_nano.a(libc_a-exit.o) (__stdio_exit_handler)
C:/ST/STM32CubeIDE_1.18.1/STM32CubeIDE/plugins/com.st.stm32cube.ide.mcu.externaltools.gnu-tools-for-stm32.13.3.rel1.win32_1.0.0.202411081344/tools/bin/../lib/gcc/arm-none-eabi/13.3.1/../../../../arm-none-eabi/lib/thumb/v7e-m+fp/hard\libc_nano.a(libc_a-fwalk.o)
                              C:/ST/STM32CubeIDE_1.18.1/STM32CubeIDE/plugins/com.st.stm32cube.ide.mcu.externaltools.gnu-tools-for-stm32.13.3.rel1.win32_1.0.0.202411081344/tools/bin/../lib/gcc/arm-none-eabi/13.3.1/../../../../arm-none-eabi/lib/thumb/v7e-m+fp/hard\libc_nano.a(libc_a-findfp.o) (_fwalk_sglue)
C:/ST/STM32CubeIDE_1.18.1/STM32CubeIDE/plugins/com.st.stm32cube.ide.mcu.externaltools.gnu-tools-for-stm32.13.3.rel1.win32_1.0.0.202411081344/tools/bin/../lib/gcc/arm-none-eabi/13.3.1/../../../../arm-none-eabi/lib/thumb/v7e-m+fp/hard\libc_nano.a(libc_a-sprintf.o)
                              ./Core/Src/scheduler.o (sprintf)
C:/ST/STM32CubeIDE_1.18.1/STM32CubeIDE/plugins/com.st.stm32cube.ide.mcu.externaltools.gnu-tools-for-stm32.13.3.rel1.win32_1.0.0.202411081344/tools/bin/../lib/gcc/arm-none-eabi/13.3.1/../../../../arm-none-eabi/lib/thumb/v7e-m+fp/hard\libc_nano.a(libc_a-stdio.o)
                              C:/ST/STM32CubeIDE_1.18.1/STM32CubeIDE/plugins/com.st.stm32cube.ide.mcu.externaltools.gnu-tools-for-stm32.13.3.rel1.win32_1.0.0.202411081344/tools/bin/../lib/gcc/arm-none-eabi/13.3.1/../../../../arm-none-eabi/lib/thumb/v7e-m+fp/hard\libc_nano.a(libc_a-findfp.o) (__sread)
C:/ST/STM32CubeIDE_1.18.1/STM32CubeIDE/plugins/com.st.stm32cube.ide.mcu.externaltools.gnu-tools-for-stm32.13.3.rel1.win32_1.0.0.202411081344/tools/bin/../lib/gcc/arm-none-eabi/13.3.1/../../../../arm-none-eabi/lib/thumb/v7e-m+fp/hard\libc_nano.a(libc_a-memset.o)
                              C:/ST/STM32CubeIDE_1.18.1/STM32CubeIDE/plugins/com.st.stm32cube.ide.mcu.externaltools.gnu-tools-for-stm32.13.3.rel1.win32_1.0.0.202411081344/tools/bin/../lib/gcc/arm-none-eabi/13.3.1/../../../../arm-none-eabi/lib/thumb/v7e-m+fp/hard/crt0.o (memset)
C:/ST/STM32CubeIDE_1.18.1/STM32CubeIDE/plugins/com.st.stm32cube.ide.mcu.externaltools.gnu-tools-for-stm32.13.3.rel1.win32_1.0.0.202411081344/tools/bin/../lib/gcc/arm-none-eabi/13.3.1/../../../../arm-none-eabi/lib/thumb/v7e-m+fp/hard\libc_nano.a(libc_a-closer.o)
                              C:/ST/STM32CubeIDE_1.18.1/STM32CubeIDE/plugins/com.st.stm32cube.ide.mcu.externaltools.gnu-tools-for-stm32.13.3.rel1.win32_1.0.0.202411081344/tools/bin/../lib/gcc/arm-none-eabi/13.3.1/../../../../arm-none-eabi/lib/thumb/v7e-m+fp/hard\libc_nano.a(libc_a-stdio.o) (_close_r)
C:/ST/STM32CubeIDE_1.18.1/STM32CubeIDE/plugins/com.st.stm32cube.ide.mcu.externaltools.gnu-tools-for-stm32.13.3.rel1.win32_1.0.0.202411081344/tools/bin/../lib/gcc/arm-none-eabi/13.3.1/../../../../arm-none-eabi/lib/thumb/v7e-m+fp/hard\libc_nano.a(libc_a-reent.o)
                              C:/ST/STM32CubeIDE_1.18.1/STM32CubeIDE/plugins/com.st.stm32cube.ide.mcu.externaltools.gnu-tools-for-stm32.13.3.rel1.win32_1.0.0.202411081344/tools/bin/../lib/gcc/arm-none-eabi/13.3.1/../../../../arm-none-eabi/lib/thumb/v7e-m+fp/hard\libc_nano.a(libc_a-closer.o) (errno)
C:/ST/STM32CubeIDE_1.18.1/STM32CubeIDE/plugins/com.st.stm32cube.ide.mcu.externaltools.gnu-tools-for-stm32.13.3.rel1.win32_1.0.0.202411081344/tools/bin/../lib/gcc/arm-none-eabi/13.3.1/../../../../arm-none-eabi/lib/thumb/v7e-m+fp/hard\libc_nano.a(libc_a-impure.o)
                              C:/ST/STM32CubeIDE_1.18.1/STM32CubeIDE/plugins/com.st.stm32cube.ide.mcu.externaltools.gnu-tools-for-stm32.13.3.rel1.win32_1.0.0.202411081344/tools/bin/../lib/gcc/arm-none-eabi/13.3.1/../../../../arm-none-eabi/lib/thumb/v7e-m+fp/hard\libc_nano.a(libc_a-sprintf.o) (_impure_ptr)
[...]
Memory Configuration

Name             Origin             Length             Attributes
RAM              0x20000000         0x00020000         xrw
FLASH            0x08000000         0x00080000         xr
*default*        0x00000000         0xffffffff

Linker script and memory map

LOAD C:/ST/STM32CubeIDE_1.18.1/STM32CubeIDE/plugins/com.st.stm32cube.ide.mcu.externaltools.gnu-tools-for-stm32.13.3.rel1.win32_1.0.0.202411081344/tools/bin/../lib/gcc/arm-none-eabi/13.3.1/thumb/v7e-m+fp/hard/crti.o
LOAD C:/ST/STM32CubeIDE_1.18.1/STM32CubeIDE/plugins/com.st.stm32cube.ide.mcu.externaltools.gnu-tools-for-stm32.13.3.rel1.win32_1.0.0.202411081344/tools/bin/../lib/gcc/arm-none-eabi/13.3.1/thumb/v7e-m+fp/hard/crtbegin.o
LOAD C:/ST/STM32CubeIDE_1.18.1/STM32CubeIDE/plugins/com.st.stm32cube.ide.mcu.externaltools.gnu-tools-for-stm32.13.3.rel1.win32_1.0.0.202411081344/tools/bin/../lib/gcc/arm-none-eabi/13.3.1/../../../../arm-none-eabi/lib/thumb/v7e-m+fp/hard/crt0.o
LOAD ./Core/Src/adc.o
LOAD ./Core/Src/button.o
LOAD ./Core/Src/buzzer.o
LOAD ./Core/Src/gas_sensor.o
LOAD ./Core/Src/gpio.o
LOAD ./Core/Src/i2c.o
LOAD ./Core/Src/lcd.o
LOAD ./Core/Src/led.o
LOAD ./Core/Src/main.o
LOAD ./Core/Src/relay.o
LOAD ./Core/Src/scheduler.o
LOAD ./Core/Src/state_machine.o
LOAD ./Core/Src/stm32f4xx_hal_msp.o
LOAD ./Core/Src/stm32f4xx_it.o
LOAD ./Core/Src/syscalls.o
LOAD ./Core/Src/sysmem.o
LOAD ./Core/Src/system_stm32f4xx.o
LOAD ./Core/Src/timer.o
LOAD ./Core/Src/uart.o
LOAD ./Core/Startup/startup_stm32f411retx.o
LOAD ./Drivers/STM32F4xx_HAL_Driver/Src/stm32f4xx_hal.o
LOAD ./Drivers/STM32F4xx_HAL_Driver/Src/stm32f4xx_hal_cortex.o
LOAD ./Drivers/STM32F4xx_HAL_Driver/Src/stm32f4xx_hal_dma.o
LOAD ./Drivers/STM32F4xx_HAL_Driver/Src/stm32f4xx_hal_dma_ex.o
LOAD ./Drivers/STM32F4xx_HAL_Driver/Src/stm32f4xx_hal_exti.o
LOAD ./Drivers/STM32F4xx_HAL_Driver/Src/stm32f4xx_hal_flash.o
LOAD ./Drivers/STM32F4xx_HAL_Driver/Src/stm32f4xx_hal_flash_ex.o
LOAD ./Drivers/STM32F4xx_HAL_Driver/Src/stm32f4xx_hal_flash_ramfunc.o
LOAD ./Drivers/STM32F4xx_HAL_Driver/Src/stm32f4xx_hal_gpio.o
LOAD ./Drivers/STM32F4xx_HAL_Driver/Src/stm32f4xx_hal_pwr.o
LOAD ./Drivers/STM32F4xx_HAL_Driver/Src/stm32f4xx_hal_pwr_ex.o
LOAD ./Drivers/STM32F4xx_HAL_Driver/Src/stm32f4xx_hal_rcc.o
LOAD ./Drivers/STM32F4xx_HAL_Driver/Src/stm32f4xx_hal_rcc_ex.o
LOAD ./Drivers/STM32F4xx_HAL_Driver/Src/stm32f4xx_hal_uart.o
START GROUP
LOAD C:/ST/STM32CubeIDE_1.18.1/STM32CubeIDE/plugins/com.st.stm32cube.ide.mcu.externaltools.gnu-tools-for-stm32.13.3.rel1.win32_1.0.0.202411081344/tools/bin/../lib/gcc/arm-none-eabi/13.3.1/../../../../arm-none-eabi/lib/thumb/v7e-m+fp/hard\libc_nano.a
LOAD C:/ST/STM32CubeIDE_1.18.1/STM32CubeIDE/plugins/com.st.stm32cube.ide.mcu.externaltools.gnu-tools-for-stm32.13.3.rel1.win32_1.0.0.202411081344/tools/bin/../lib/gcc/arm-none-eabi/13.3.1/../../../../arm-none-eabi/lib/thumb/v7e-m+fp/hard\libm.a
END GROUP
START GROUP
LOAD C:/ST/STM32CubeIDE_1.18.1/STM32CubeIDE/plugins/com.st.stm32cube.ide.mcu.externaltools.gnu-tools-for-stm32.13.3.rel1.win32_1.0.0.202411081344/tools/bin/../lib/gcc/arm-none-eabi/13.3.1/thumb/v7e-m+fp/hard\libgcc.a
LOAD C:/ST/STM32CubeIDE_1.18.1/STM32CubeIDE/plugins/com.st.stm32cube.ide.mcu.externaltools.gnu-tools-for-stm32.13.3.rel1.win32_1.0.0.202411081344/tools/bin/../lib/gcc/arm-none-eabi/13.3.1/../../../../arm-none-eabi/lib/thumb/v7e-m+fp/hard\libc_nano.a
END GROUP
START GROUP
LOAD C:/ST/STM32CubeIDE_1.18.1/STM32CubeIDE/plugins/com.st.stm32cube.ide.mcu.externaltools.gnu-tools-for-stm32.13.3.rel1.win32_1.0.0.202411081344/tools/bin/../lib/gcc/arm-none-eabi/13.3.1/thumb/v7e-m+fp/hard\libgcc.a
LOAD C:/ST/STM32CubeIDE_1.18.1/STM32CubeIDE/plugins/com.st.stm32cube.ide.mcu.externaltools.gnu-tools-for-stm32.13.3.rel1.win32_1.0.0.202411081344/tools/bin/../lib/gcc/arm-none-eabi/13.3.1/../../../../arm-none-eabi/lib/thumb/v7e-m+fp/hard\libc_nano.a
LOAD C:/ST/STM32CubeIDE_1.18.1/STM32CubeIDE/plugins/com.st.stm32cube.ide.mcu.externaltools.gnu-tools-for-stm32.13.3.rel1.win32_1.0.0.202411081344/tools/bin/../lib/gcc/arm-none-eabi/13.3.1/../../../../arm-none-eabi/lib/thumb/v7e-m+fp/hard\libnosys.a
END GROUP
START GROUP
LOAD C:/ST/STM32CubeIDE_1.18.1/STM32CubeIDE/plugins/com.st.stm32cube.ide.mcu.externaltools.gnu-tools-for-stm32.13.3.rel1.win32_1.0.0.202411081344/tools/bin/../lib/gcc/arm-none-eabi/13.3.1/thumb/v7e-m+fp/hard\libgcc.a
LOAD C:/ST/STM32CubeIDE_1.18.1/STM32CubeIDE/plugins/com.st.stm32cube.ide.mcu.externaltools.gnu-tools-for-stm32.13.3.rel1.win32_1.0.0.202411081344/tools/bin/../lib/gcc/arm-none-eabi/13.3.1/../../../../arm-none-eabi/lib/thumb/v7e-m+fp/hard\libc_nano.a
LOAD C:/ST/STM32CubeIDE_1.18.1/STM32CubeIDE/plugins/com.st.stm32cube.ide.mcu.externaltools.gnu-tools-for-stm32.13.3.rel1.win32_1.0.0.202411081344/tools/bin/../lib/gcc/arm-none-eabi/13.3.1/../../../../arm-none-eabi/lib/thumb/v7e-m+fp/hard\libnosys.a
END GROUP
LOAD C:/ST/STM32CubeIDE_1.18.1/STM32CubeIDE/plugins/com.st.stm32cube.ide.mcu.externaltools.gnu-tools-for-stm32.13.3.rel1.win32_1.0.0.202411081344/tools/bin/../lib/gcc/arm-none-eabi/13.3.1/thumb/v7e-m+fp/hard/crtend.o
LOAD C:/ST/STM32CubeIDE_1.18.1/STM32CubeIDE/plugins/com.st.stm32cube.ide.mcu.externaltools.gnu-tools-for-stm32.13.3.rel1.win32_1.0.0.202411081344/tools/bin/../lib/gcc/arm-none-eabi/13.3.1/thumb/v7e-m+fp/hard/crtn.o
                0x20020000                        _estack = (ORIGIN (RAM) + LENGTH (RAM))
                0x00000200                        _Min_Heap_Size = 0x200
                0x00000400                        _Min_Stack_Size = 0x400

.isr_vector     0x08000000      0x198
                0x08000000                        . = ALIGN (0x4)
 *(.isr_vector)
 .isr_vector    0x08000000      0x198 ./Core/Startup/startup_stm32f411retx.o
                0x08000000                g_pfnVectors
                0x08000198                        . = ALIGN (0x4)

.text           0x080001a0     0x2660
                0x080001a0                        . = ALIGN (0x4)
 *(.text)
 .text          0x080001a0       0x40 C:/ST/STM32CubeIDE_1.18.1/STM32CubeIDE/plugins/com.st.stm32cube.ide.mcu.externaltools.gnu-tools-for-stm32.13.3.rel1.win32_1.0.0.202411081344/tools/bin/../lib/gcc/arm-none-eabi/13.3.1/thumb/v7e-m+fp/hard/crtbegin.o
 .text          0x080001e0       0xa0 C:/ST/STM32CubeIDE_1.18.1/STM32CubeIDE/plugins/com.st.stm32cube.ide.mcu.externaltools.gnu-tools-for-stm32.13.3.rel1.win32_1.0.0.202411081344/tools/bin/../lib/gcc/arm-none-eabi/13.3.1/../../../../arm-none-eabi/lib/thumb/v7e-m+fp/hard\libc_nano.a(libc_a-memchr.o)
                0x080001e0                memchr
 *(.text*)
 .text.adc_init
                0x08000280       0x68 ./Core/Src/adc.o
                0x08000280                adc_init
 .text.adc_read
                0x080002e8       0x34 ./Core/Src/adc.o
                0x080002e8                adc_read
 .text.__NVIC_EnableIRQ
                0x0800031c       0x3c ./Core/Src/button.o
 .text.button_init
                0x08000358       0x6c ./Core/Src/button.o
                0x08000358                button_init
 .text.buzzer_on
                0x080003c4       0x50 ./Core/Src/buzzer.o
                0x080003c4                buzzer_on
 .text.buzzer_off
                0x08000414       0x34 ./Core/Src/buzzer.o
                0x08000414                buzzer_off
 .text.buzzer_check
                0x08000448       0x3c ./Core/Src/buzzer.o
                0x08000448                buzzer_check
 .text.rs_from_adc
                0x08000484       0x84 ./Core/Src/gas_sensor.o
 .text.gas_sensor_init
                0x08000508        0xc ./Core/Src/gas_sensor.o
                0x08000508                gas_sensor_init
 .text.gas_sensor_calibrate
                0x08000514       0x58 ./Core/Src/gas_sensor.o
                0x08000514                gas_sensor_calibrate
 .text.gas_sensor_read_ppm
                0x0800056c       0x9c ./Core/Src/gas_sensor.o
                0x0800056c                gas_sensor_read_ppm
 .text.gpio_init
                0x08000608      0x2ac ./Core/Src/gpio.o
                0x08000608                gpio_init
 .text.i2c2_init
                0x080008b4       0x30 ./Core/Src/i2c.o
                0x080008b4                i2c2_init
 .text.lcd_i2c_start
                0x080008e4       0x48 ./Core/Src/lcd.o
                0x080008e4                lcd_i2c_start
 .text.lcd_i2c_stop
                0x0800092c       0x20 ./Core/Src/lcd.o
                0x0800092c                lcd_i2c_stop
 .text.lcd_i2c_write
                0x0800094c       0x40 ./Core/Src/lcd.o
                0x0800094c                lcd_i2c_write
 .text.lcd_write_nibble
                0x0800098c       0x72 ./Core/Src/lcd.o
                0x0800098c                lcd_write_nibble
 .text.lcd_write_byte
                0x080009fe       0x3a ./Core/Src/lcd.o
                0x080009fe                lcd_write_byte
 .text.lcd_command
                0x08000a38       0x34 ./Core/Src/lcd.o
                0x08000a38                lcd_command
 .text.lcd_data
                0x08000a6c       0x34 ./Core/Src/lcd.o
                0x08000a6c                lcd_data
 .text.lcd_init
                0x08000aa0       0x64 ./Core/Src/lcd.o
                0x08000aa0                lcd_init
 .text.lcd_print
                0x08000b04       0x2a ./Core/Src/lcd.o
                0x08000b04                lcd_print
 *fill*         0x08000b2e        0x2 
 .text.led_on   0x08000b30       0x74 ./Core/Src/led.o
                0x08000b30                led_on
 .text.led_off  0x08000ba4       0x74 ./Core/Src/led.o
                0x08000ba4                led_off
 .text.led_off_all
                0x08000c18       0x68 ./Core/Src/led.o
                0x08000c18                led_off_all
 .text.led_check
                0x08000c80       0x8c ./Core/Src/led.o
                0x08000c80                led_check
 .text.main     0x08000d0c       0x54 ./Core/Src/main.o
                0x08000d0c                main
 .text.relay_on
                0x08000d60       0x28 ./Core/Src/relay.o
                0x08000d60                relay_on
 .text.relay_off
                0x08000d88       0x28 ./Core/Src/relay.o
                0x08000d88                relay_off
 .text.scheduler_update
                0x08000db0       0x44 ./Core/Src/scheduler.o
                0x08000db0                scheduler_update
 .text.send_data
                0x08000df4       0x34 ./Core/Src/scheduler.o
                0x08000df4                send_data
 .text.__NVIC_SystemReset
                0x08000e28       0x2c ./Core/Src/state_machine.o
 .text.get_system_state
                0x08000e54       0x18 ./Core/Src/state_machine.o
                0x08000e54                get_system_state
 .text.get_alert_level
                0x08000e6c       0x18 ./Core/Src/state_machine.o
                0x08000e6c                get_alert_level
 .text.state_machine_toggle
                0x08000e84       0x28 ./Core/Src/state_machine.o
                0x08000e84                state_machine_toggle
 .text.state_machine_reset
                0x08000eac        0x8 ./Core/Src/state_machine.o
                0x08000eac                state_machine_reset
 .text.state_machine_update
                0x08000eb4      0x218 ./Core/Src/state_machine.o
                0x08000eb4                state_machine_update
 .text.EXTI15_10_IRQHandler
                0x080010cc       0x28 ./Core/Src/stm32f4xx_it.o
                0x080010cc                EXTI15_10_IRQHandler
 .text.EXTI3_IRQHandler
                0x080010f4       0x28 ./Core/Src/stm32f4xx_it.o
                0x080010f4                EXTI3_IRQHandler
 .text.NMI_Handler
                0x0800111c        0x8 ./Core/Src/stm32f4xx_it.o
                0x0800111c                NMI_Handler
 .text.HardFault_Handler
                0x08001124        0x8 ./Core/Src/stm32f4xx_it.o
                0x08001124                HardFault_Handler
 .text.MemManage_Handler
                0x0800112c        0x8 ./Core/Src/stm32f4xx_it.o
                0x0800112c                MemManage_Handler
 .text.BusFault_Handler
                0x08001134        0x8 ./Core/Src/stm32f4xx_it.o
                0x08001134                BusFault_Handler
 .text.UsageFault_Handler
                0x0800113c        0x8 ./Core/Src/stm32f4xx_it.o
                0x0800113c                UsageFault_Handler
 .text.SVC_Handler
                0x08001144        0xe ./Core/Src/stm32f4xx_it.o
                0x08001144                SVC_Handler
 .text.DebugMon_Handler
                0x08001152        0xe ./Core/Src/stm32f4xx_it.o
                0x08001152                DebugMon_Handler
 .text.PendSV_Handler
                0x08001160        0xe ./Core/Src/stm32f4xx_it.o
                0x08001160                PendSV_Handler
 .text.SysTick_Handler
                0x0800116e       0x18 ./Core/Src/stm32f4xx_it.o
                0x0800116e                SysTick_Handler
 *fill*         0x08001186        0x2 
 .text._sbrk    0x08001188       0x6c ./Core/Src/sysmem.o
                0x08001188                _sbrk
 .text.SystemInit
                0x080011f4       0x24 ./Core/Src/system_stm32f4xx.o
                0x080011f4                SystemInit
 .text.__NVIC_SetPriority
                0x08001218       0x54 ./Core/Src/timer.o
 .text.SysTick_Config
                0x0800126c       0x44 ./Core/Src/timer.o
 .text.timer_systick_callback
                0x080012b0       0x34 ./Core/Src/timer.o
                0x080012b0                timer_systick_callback
 .text.timer_init
                0x080012e4       0x24 ./Core/Src/timer.o
                0x080012e4                timer_init
 .text.millis   0x08001308       0x18 ./Core/Src/timer.o
                0x08001308                millis
 .text.uart1_init
                0x08001320       0x34 ./Core/Src/uart.o
                0x08001320                uart1_init
 .text.uart1_send_char
                0x08001354       0x30 ./Core/Src/uart.o
                0x08001354                uart1_send_char
 .text.uart1_send_string
                0x08001384       0x2a ./Core/Src/uart.o
                0x08001384                uart1_send_string
 *fill*         0x080013ae        0x2 
 .text.Reset_Handler
                0x080013b0       0x50 ./Core/Startup/startup_stm32f411retx.o
                0x080013b0                Reset_Handler
 .text.Default_Handler
                0x08001400        0x2 ./Core/Startup/startup_stm32f411retx.o
                0x08001400                RTC_Alarm_IRQHandler
                0x08001400                EXTI2_IRQHandler
                0x08001400                SPI4_IRQHandler
                0x08001400                TIM1_CC_IRQHandler
                0x08001400                DMA2_Stream5_IRQHandler
                0x08001400                DMA1_Stream5_IRQHandler
                0x08001400                PVD_IRQHandler
                0x08001400                SDIO_IRQHandler
                0x08001400                TAMP_STAMP_IRQHandler
                0x08001400                TIM1_UP_TIM10_IRQHandler
                0x08001400                I2C3_ER_IRQHandler
                0x08001400                EXTI0_IRQHandler
                0x08001400                I2C2_EV_IRQHandler
                0x08001400                DMA1_Stream2_IRQHandler
                0x08001400                FPU_IRQHandler
                0x08001400                DMA2_Stream2_IRQHandler
                0x08001400                SPI1_IRQHandler
                0x08001400                TIM1_BRK_TIM9_IRQHandler
                0x08001400                DMA2_Stream3_IRQHandler
                0x08001400                USART6_IRQHandler
                0x08001400                DMA2_Stream0_IRQHandler
                0x08001400                TIM4_IRQHandler
                0x08001400                I2C1_EV_IRQHandler
                0x08001400                DMA1_Stream6_IRQHandler
                0x08001400                DMA1_Stream1_IRQHandler
                0x08001400                TIM3_IRQHandler
                0x08001400                RCC_IRQHandler
                0x08001400                Default_Handler
                0x08001400                ADC_IRQHandler
                0x08001400                DMA1_Stream7_IRQHandler
                0x08001400                SPI5_IRQHandler
                0x08001400                TIM5_IRQHandler
                0x08001400                DMA2_Stream7_IRQHandler
                0x08001400                I2C3_EV_IRQHandler
                0x08001400                EXTI9_5_IRQHandler
                0x08001400                RTC_WKUP_IRQHandler
                0x08001400                SPI2_IRQHandler
                0x08001400                DMA1_Stream0_IRQHandler
                0x08001400                EXTI4_IRQHandler
                0x08001400                WWDG_IRQHandler
                0x08001400                TIM2_IRQHandler
                0x08001400                OTG_FS_WKUP_IRQHandler
                0x08001400                TIM1_TRG_COM_TIM11_IRQHandler
                0x08001400                EXTI1_IRQHandler
                0x08001400                USART2_IRQHandler
                0x08001400                I2C2_ER_IRQHandler
                0x08001400                DMA2_Stream1_IRQHandler
                0x08001400                FLASH_IRQHandler
                0x08001400                DMA2_Stream4_IRQHandler
                0x08001400                USART1_IRQHandler
                0x08001400                OTG_FS_IRQHandler
                0x08001400                SPI3_IRQHandler
                0x08001400                DMA1_Stream4_IRQHandler
                0x08001400                I2C1_ER_IRQHandler
                0x08001400                DMA2_Stream6_IRQHandler
                0x08001400                DMA1_Stream3_IRQHandler
 *fill*         0x08001402        0x2 
 .text.HAL_IncTick
                0x08001404       0x28 ./Drivers/STM32F4xx_HAL_Driver/Src/stm32f4xx_hal.o
                0x08001404                HAL_IncTick
 .text.sprintf  0x0800142c       0x44 C:/ST/STM32CubeIDE_1.18.1/STM32CubeIDE/plugins/com.st.stm32cube.ide.mcu.externaltools.gnu-tools-for-stm32.13.3.rel1.win32_1.0.0.202411081344/tools/bin/../lib/gcc/arm-none-eabi/13.3.1/../../../../arm-none-eabi/lib/thumb/v7e-m+fp/hard\libc_nano.a(libc_a-sprintf.o)
                0x0800142c                siprintf
                0x0800142c                sprintf
 .text.__errno  0x08001470        0xc C:/ST/STM32CubeIDE_1.18.1/STM32CubeIDE/plugins/com.st.stm32cube.ide.mcu.externaltools.gnu-tools-for-stm32.13.3.rel1.win32_1.0.0.202411081344/tools/bin/../lib/gcc/arm-none-eabi/13.3.1/../../../../arm-none-eabi/lib/thumb/v7e-m+fp/hard\libc_nano.a(libc_a-errno.o)
                0x08001470                __errno
 .text.__libc_init_array
                0x0800147c       0x48 C:/ST/STM32CubeIDE_1.18.1/STM32CubeIDE/plugins/com.st.stm32cube.ide.mcu.externaltools.gnu-tools-for-stm32.13.3.rel1.win32_1.0.0.202411081344/tools/bin/../lib/gcc/arm-none-eabi/13.3.1/../../../../arm-none-eabi/lib/thumb/v7e-m+fp/hard\libc_nano.a(libc_a-init.o)
                0x0800147c                __libc_init_array
 .text.__retarget_lock_acquire_recursive
                0x080014c4        0x2 C:/ST/STM32CubeIDE_1.18.1/STM32CubeIDE/plugins/com.st.stm32cube.ide.mcu.externaltools.gnu-tools-for-stm32.13.3.rel1.win32_1.0.0.202411081344/tools/bin/../lib/gcc/arm-none-eabi/13.3.1/../../../../arm-none-eabi/lib/thumb/v7e-m+fp/hard\libc_nano.a(libc_a-lock.o)
                0x080014c4                __retarget_lock_acquire_recursive
 .text.__retarget_lock_release_recursive
                0x080014c6        0x2 C:/ST/STM32CubeIDE_1.18.1/STM32CubeIDE/plugins/com.st.stm32cube.ide.mcu.externaltools.gnu-tools-for-stm32.13.3.rel1.win32_1.0.0.202411081344/tools/bin/../lib/gcc/arm-none-eabi/13.3.1/../../../../arm-none-eabi/lib/thumb/v7e-m+fp/hard\libc_nano.a(libc_a-lock.o)
                0x080014c6                __retarget_lock_release_recursive
 .text._free_r  0x080014c8       0x94 C:/ST/STM32CubeIDE_1.18.1/STM32CubeIDE/plugins/com.st.stm32cube.ide.mcu.externaltools.gnu-tools-for-stm32.13.3.rel1.win32_1.0.0.202411081344/tools/bin/../lib/gcc/arm-none-eabi/13.3.1/../../../../arm-none-eabi/lib/thumb/v7e-m+fp/hard\libc_nano.a(libc_a-freer.o)
                0x080014c8                _free_r
 .text.sbrk_aligned
                0x0800155c       0x44 C:/ST/STM32CubeIDE_1.18.1/STM32CubeIDE/plugins/com.st.stm32cube.ide.mcu.externaltools.gnu-tools-for-stm32.13.3.rel1.win32_1.0.0.202411081344/tools/bin/../lib/gcc/arm-none-eabi/13.3.1/../../../../arm-none-eabi/lib/thumb/v7e-m+fp/hard\libc_nano.a(libc_a-mallocr.o)
 .text._malloc_r
                0x080015a0      0x100 C:/ST/STM32CubeIDE_1.18.1/STM32CubeIDE/plugins/com.st.stm32cube.ide.mcu.externaltools.gnu-tools-for-stm32.13.3.rel1.win32_1.0.0.202411081344/tools/bin/../lib/gcc/arm-none-eabi/13.3.1/../../../../arm-none-eabi/lib/thumb/v7e-m+fp/hard\libc_nano.a(libc_a-mallocr.o)
                0x080015a0                _malloc_r
 .text.__malloc_lock
                0x080016a0        0xc C:/ST/STM32CubeIDE_1.18.1/STM32CubeIDE/plugins/com.st.stm32cube.ide.mcu.externaltools.gnu-tools-for-stm32.13.3.rel1.win32_1.0.0.202411081344/tools/bin/../lib/gcc/arm-none-eabi/13.3.1/../../../../arm-none-eabi/lib/thumb/v7e-m+fp/hard\libc_nano.a(libc_a-mlock.o)
                0x080016a0                __malloc_lock
 .text.__malloc_unlock
                0x080016ac        0xc C:/ST/STM32CubeIDE_1.18.1/STM32CubeIDE/plugins/com.st.stm32cube.ide.mcu.externaltools.gnu-tools-for-stm32.13.3.rel1.win32_1.0.0.202411081344/tools/bin/../lib/gcc/arm-none-eabi/13.3.1/../../../../arm-none-eabi/lib/thumb/v7e-m+fp/hard\libc_nano.a(libc_a-mlock.o)
                0x080016ac                __malloc_unlock
 .text.__ssputs_r
                0x080016b8       0xb6 C:/ST/STM32CubeIDE_1.18.1/STM32CubeIDE/plugins/com.st.stm32cube.ide.mcu.externaltools.gnu-tools-for-stm32.13.3.rel1.win32_1.0.0.202411081344/tools/bin/../lib/gcc/arm-none-eabi/13.3.1/../../../../arm-none-eabi/lib/thumb/v7e-m+fp/hard\libc_nano.a(libc_a-nano-svfprintf.o)
                0x080016b8                __ssputs_r
 *fill*         0x0800176e        0x2 
 .text._svfprintf_r
                0x08001770      0x1f8 C:/ST/STM32CubeIDE_1.18.1/STM32CubeIDE/plugins/com.st.stm32cube.ide.mcu.externaltools.gnu-tools-for-stm32.13.3.rel1.win32_1.0.0.202411081344/tools/bin/../lib/gcc/arm-none-eabi/13.3.1/../../../../arm-none-eabi/lib/thumb/v7e-m+fp/hard\libc_nano.a(libc_a-nano-svfprintf.o)
                0x08001770                _svfiprintf_r
                0x08001770                _svfprintf_r
 .text._printf_common
                0x08001968       0xda C:/ST/STM32CubeIDE_1.18.1/STM32CubeIDE/plugins/com.st.stm32cube.ide.mcu.externaltools.gnu-tools-for-stm32.13.3.rel1.win32_1.0.0.202411081344/tools/bin/../lib/gcc/arm-none-eabi/13.3.1/../../../../arm-none-eabi/lib/thumb/v7e-m+fp/hard\libc_nano.a(libc_a-nano-vfprintf_i.o)
                0x08001968                _printf_common
 *fill*         0x08001a42        0x2 
 .text._printf_i
                0x08001a44      0x23c C:/ST/STM32CubeIDE_1.18.1/STM32CubeIDE/plugins/com.st.stm32cube.ide.mcu.externaltools.gnu-tools-for-stm32.13.3.rel1.win32_1.0.0.202411081344/tools/bin/../lib/gcc/arm-none-eabi/13.3.1/../../../../arm-none-eabi/lib/thumb/v7e-m+fp/hard\libc_nano.a(libc_a-nano-vfprintf_i.o)
                0x08001a44                _printf_i
 .text.memmove  0x08001c80       0x34 C:/ST/STM32CubeIDE_1.18.1/STM32CubeIDE/plugins/com.st.stm32cube.ide.mcu.externaltools.gnu-tools-for-stm32.13.3.rel1.win32_1.0.0.202411081344/tools/bin/../lib/gcc/arm-none-eabi/13.3.1/../../../../arm-none-eabi/lib/thumb/v7e-m+fp/hard\libc_nano.a(libc_a-memmove.o)
                0x08001c80                memmove
 .text._sbrk_r  0x08001cb4       0x20 C:/ST/STM32CubeIDE_1.18.1/STM32CubeIDE/plugins/com.st.stm32cube.ide.mcu.externaltools.gnu-tools-for-stm32.13.3.rel1.win32_1.0.0.202411081344/tools/bin/../lib/gcc/arm-none-eabi/13.3.1/../../../../arm-none-eabi/lib/thumb/v7e-m+fp/hard\libc_nano.a(libc_a-sbrkr.o)
                0x08001cb4                _sbrk_r
 .text.memcpy   0x08001cd4       0x1c C:/ST/STM32CubeIDE_1.18.1/STM32CubeIDE/plugins/com.st.stm32cube.ide.mcu.externaltools.gnu-tools-for-stm32.13.3.rel1.win32_1.0.0.202411081344/tools/bin/../lib/gcc/arm-none-eabi/13.3.1/../../../../arm-none-eabi/lib/thumb/v7e-m+fp/hard\libc_nano.a(libc_a-memcpy-stub.o)
                0x08001cd4                memcpy
 .text._realloc_r
                0x08001cf0       0x5c C:/ST/STM32CubeIDE_1.18.1/STM32CubeIDE/plugins/com.st.stm32cube.ide.mcu.externaltools.gnu-tools-for-stm32.13.3.rel1.win32_1.0.0.202411081344/tools/bin/../lib/gcc/arm-none-eabi/13.3.1/../../../../arm-none-eabi/lib/thumb/v7e-m+fp/hard\libc_nano.a(libc_a-reallocr.o)
                0x08001cf0                _realloc_r
 .text._malloc_usable_size_r
                0x08001d4c       0x10 C:/ST/STM32CubeIDE_1.18.1/STM32CubeIDE/plugins/com.st.stm32cube.ide.mcu.externaltools.gnu-tools-for-stm32.13.3.rel1.win32_1.0.0.202411081344/tools/bin/../lib/gcc/arm-none-eabi/13.3.1/../../../../arm-none-eabi/lib/thumb/v7e-m+fp/hard\libc_nano.a(libc_a-msizer.o)
                0x08001d4c                _malloc_usable_size_r
 .text.log10f   0x08001d5c       0x5c C:/ST/STM32CubeIDE_1.18.1/STM32CubeIDE/plugins/com.st.stm32cube.ide.mcu.externaltools.gnu-tools-for-stm32.13.3.rel1.win32_1.0.0.202411081344/tools/bin/../lib/gcc/arm-none-eabi/13.3.1/../../../../arm-none-eabi/lib/thumb/v7e-m+fp/hard\libm.a(libm_a-wf_log10.o)
                0x08001d5c                log10f
 .text.powf     0x08001db8       0xae C:/ST/STM32CubeIDE_1.18.1/STM32CubeIDE/plugins/com.st.stm32cube.ide.mcu.externaltools.gnu-tools-for-stm32.13.3.rel1.win32_1.0.0.202411081344/tools/bin/../lib/gcc/arm-none-eabi/13.3.1/../../../../arm-none-eabi/lib/thumb/v7e-m+fp/hard\libm.a(libm_a-wf_pow.o)
                0x08001db8                powf
 .text.finitef  0x08001e66       0x14 C:/ST/STM32CubeIDE_1.18.1/STM32CubeIDE/plugins/com.st.stm32cube.ide.mcu.externaltools.gnu-tools-for-stm32.13.3.rel1.win32_1.0.0.202411081344/tools/bin/../lib/gcc/arm-none-eabi/13.3.1/../../../../arm-none-eabi/lib/thumb/v7e-m+fp/hard\libm.a(libm_a-sf_finite.o)
                0x08001e66                finitef
 *fill*         0x08001e7a        0x2 
 .text.nanf     0x08001e7c        0xc C:/ST/STM32CubeIDE_1.18.1/STM32CubeIDE/plugins/com.st.stm32cube.ide.mcu.externaltools.gnu-tools-for-stm32.13.3.rel1.win32_1.0.0.202411081344/tools/bin/../lib/gcc/arm-none-eabi/13.3.1/../../../../arm-none-eabi/lib/thumb/v7e-m+fp/hard\libm.a(libm_a-sf_nan.o)
                0x08001e7c                nanf
 .text.__ieee754_log10f
                0x08001e88       0xb0 C:/ST/STM32CubeIDE_1.18.1/STM32CubeIDE/plugins/com.st.stm32cube.ide.mcu.externaltools.gnu-tools-for-stm32.13.3.rel1.win32_1.0.0.202411081344/tools/bin/../lib/gcc/arm-none-eabi/13.3.1/../../../../arm-none-eabi/lib/thumb/v7e-m+fp/hard\libm.a(libm_a-ef_log10.o)
                0x08001e88                __ieee754_log10f
 .text.__ieee754_powf
                0x08001f38      0x59c C:/ST/STM32CubeIDE_1.18.1/STM32CubeIDE/plugins/com.st.stm32cube.ide.mcu.externaltools.gnu-tools-for-stm32.13.3.rel1.win32_1.0.0.202411081344/tools/bin/../lib/gcc/arm-none-eabi/13.3.1/../../../../arm-none-eabi/lib/thumb/v7e-m+fp/hard\libm.a(libm_a-ef_pow.o)
                0x08001f38                __ieee754_powf
 .text.fabsf    0x080024d4        0xe C:/ST/STM32CubeIDE_1.18.1/STM32CubeIDE/plugins/com.st.stm32cube.ide.mcu.externaltools.gnu-tools-for-stm32.13.3.rel1.win32_1.0.0.202411081344/tools/bin/../lib/gcc/arm-none-eabi/13.3.1/../../../../arm-none-eabi/lib/thumb/v7e-m+fp/hard\libm.a(libm_a-sf_fabs.o)
                0x080024d4                fabsf
 *fill*         0x080024e2        0x2 
 .text.scalbnf  0x080024e4       0xcc C:/ST/STM32CubeIDE_1.18.1/STM32CubeIDE/plugins/com.st.stm32cube.ide.mcu.externaltools.gnu-tools-for-stm32.13.3.rel1.win32_1.0.0.202411081344/tools/bin/../lib/gcc/arm-none-eabi/13.3.1/../../../../arm-none-eabi/lib/thumb/v7e-m+fp/hard\libm.a(libm_a-sf_scalbn.o)
                0x080024e4                scalbnf
 .text.with_errnof
                0x080025b0       0x1c C:/ST/STM32CubeIDE_1.18.1/STM32CubeIDE/plugins/com.st.stm32cube.ide.mcu.externaltools.gnu-tools-for-stm32.13.3.rel1.win32_1.0.0.202411081344/tools/bin/../lib/gcc/arm-none-eabi/13.3.1/../../../../arm-none-eabi/lib/thumb/v7e-m+fp/hard\libm.a(libm_a-math_errf.o)
 .text.xflowf   0x080025cc       0x16 C:/ST/STM32CubeIDE_1.18.1/STM32CubeIDE/plugins/com.st.stm32cube.ide.mcu.externaltools.gnu-tools-for-stm32.13.3.rel1.win32_1.0.0.202411081344/tools/bin/../lib/gcc/arm-none-eabi/13.3.1/../../../../arm-none-eabi/lib/thumb/v7e-m+fp/hard\libm.a(libm_a-math_errf.o)
 *fill*         0x080025e2        0x2 
 .text.__math_uflowf
                0x080025e4        0xc C:/ST/STM32CubeIDE_1.18.1/STM32CubeIDE/plugins/com.st.stm32cube.ide.mcu.externaltools.gnu-tools-for-stm32.13.3.rel1.win32_1.0.0.202411081344/tools/bin/../lib/gcc/arm-none-eabi/13.3.1/../../../../arm-none-eabi/lib/thumb/v7e-m+fp/hard\libm.a(libm_a-math_errf.o)
                0x080025e4                __math_uflowf
 .text.__math_oflowf
                0x080025f0        0xc C:/ST/STM32CubeIDE_1.18.1/STM32CubeIDE/plugins/com.st.stm32cube.ide.mcu.externaltools.gnu-tools-for-stm32.13.3.rel1.win32_1.0.0.202411081344/tools/bin/../lib/gcc/arm-none-eabi/13.3.1/../../../../arm-none-eabi/lib/thumb/v7e-m+fp/hard\libm.a(libm_a-math_errf.o)
                0x080025f0                __math_oflowf
 .text.__ieee754_sqrtf
                0x080025fc        0x6 C:/ST/STM32CubeIDE_1.18.1/STM32CubeIDE/plugins/com.st.stm32cube.ide.mcu.externaltools.gnu-tools-for-stm32.13.3.rel1.win32_1.0.0.202411081344/tools/bin/../lib/gcc/arm-none-eabi/13.3.1/../../../../arm-none-eabi/lib/thumb/v7e-m+fp/hard\libm.a(libm_a-ef_sqrt.o)
                0x080025fc                __ieee754_sqrtf
 *fill*         0x08002602        0x2 
 .text.__ieee754_logf
                0x08002604      0x1e4 C:/ST/STM32CubeIDE_1.18.1/STM32CubeIDE/plugins/com.st.stm32cube.ide.mcu.externaltools.gnu-tools-for-stm32.13.3.rel1.win32_1.0.0.202411081344/tools/bin/../lib/gcc/arm-none-eabi/13.3.1/../../../../arm-none-eabi/lib/thumb/v7e-m+fp/hard\libm.a(libm_a-ef_log.o)
                0x08002604                __ieee754_logf
 *(.glue_7)
 .glue_7        0x080027e8        0x0 linker stubs
 *(.glue_7t)
 .glue_7t       0x080027e8        0x0 linker stubs
 *(.eh_frame)
 .eh_frame      0x080027e8        0x0 C:/ST/STM32CubeIDE_1.18.1/STM32CubeIDE/plugins/com.st.stm32cube.ide.mcu.externaltools.gnu-tools-for-stm32.13.3.rel1.win32_1.0.0.202411081344/tools/bin/../lib/gcc/arm-none-eabi/13.3.1/thumb/v7e-m+fp/hard/crtbegin.o
 *(.init)
 .init          0x080027e8        0x4 C:/ST/STM32CubeIDE_1.18.1/STM32CubeIDE/plugins/com.st.stm32cube.ide.mcu.externaltools.gnu-tools-for-stm32.13.3.rel1.win32_1.0.0.202411081344/tools/bin/../lib/gcc/arm-none-eabi/13.3.1/thumb/v7e-m+fp/hard/crti.o
                0x080027e8                _init
 .init          0x080027ec        0x8 C:/ST/STM32CubeIDE_1.18.1/STM32CubeIDE/plugins/com.st.stm32cube.ide.mcu.externaltools.gnu-tools-for-stm32.13.3.rel1.win32_1.0.0.202411081344/tools/bin/../lib/gcc/arm-none-eabi/13.3.1/thumb/v7e-m+fp/hard/crtn.o
 *(.fini)
 .fini          0x080027f4        0x4 C:/ST/STM32CubeIDE_1.18.1/STM32CubeIDE/plugins/com.st.stm32cube.ide.mcu.externaltools.gnu-tools-for-stm32.13.3.rel1.win32_1.0.0.202411081344/tools/bin/../lib/gcc/arm-none-eabi/13.3.1/thumb/v7e-m+fp/hard/crti.o
                0x080027f4                _fini
 .fini          0x080027f8        0x8 C:/ST/STM32CubeIDE_1.18.1/STM32CubeIDE/plugins/com.st.stm32cube.ide.mcu.externaltools.gnu-tools-for-stm32.13.3.rel1.win32_1.0.0.202411081344/tools/bin/../lib/gcc/arm-none-eabi/13.3.1/thumb/v7e-m+fp/hard/crtn.o
                0x08002800                        . = ALIGN (0x4)
                0x08002800                        _etext = .

.vfp11_veneer   0x08002800        0x0
 .vfp11_veneer  0x08002800        0x0 linker stubs

.v4_bx          0x08002800        0x0
 .v4_bx         0x08002800        0x0 linker stubs

.iplt           0x08002800        0x0
 .iplt          0x08002800        0x0 C:/ST/STM32CubeIDE_1.18.1/STM32CubeIDE/plugins/com.st.stm32cube.ide.mcu.externaltools.gnu-tools-for-stm32.13.3.rel1.win32_1.0.0.202411081344/tools/bin/../lib/gcc/arm-none-eabi/13.3.1/thumb/v7e-m+fp/hard/crtbegin.o

.rodata         0x08002800       0x98
                0x08002800                        . = ALIGN (0x4)
 *(.rodata)
 .rodata        0x08002800       0x17 ./Core/Src/scheduler.o
 *fill*         0x08002817        0x1 
 .rodata        0x08002818       0x33 ./Core/Src/state_machine.o
 *(.rodata*)
 .rodata._svfprintf_r.str1.1
                0x0800284b       0x33 C:/ST/STM32CubeIDE_1.18.1/STM32CubeIDE/plugins/com.st.stm32cube.ide.mcu.externaltools.gnu-tools-for-stm32.13.3.rel1.win32_1.0.0.202411081344/tools/bin/../lib/gcc/arm-none-eabi/13.3.1/../../../../arm-none-eabi/lib/thumb/v7e-m+fp/hard\libc_nano.a(libc_a-nano-svfprintf.o)
                                 0x11 (size before relaxing)
 .rodata._printf_i.str1.1
                0x0800287e       0x22 C:/ST/STM32CubeIDE_1.18.1/STM32CubeIDE/plugins/com.st.stm32cube.ide.mcu.externaltools.gnu-tools-for-stm32.13.3.rel1.win32_1.0.0.202411081344/tools/bin/../lib/gcc/arm-none-eabi/13.3.1/../../../../arm-none-eabi/lib/thumb/v7e-m+fp/hard\libc_nano.a(libc_a-nano-vfprintf_i.o)
 .rodata.log10f.str1.1
                0x0800287e        0x1 C:/ST/STM32CubeIDE_1.18.1/STM32CubeIDE/plugins/com.st.stm32cube.ide.mcu.externaltools.gnu-tools-for-stm32.13.3.rel1.win32_1.0.0.202411081344/tools/bin/../lib/gcc/arm-none-eabi/13.3.1/../../../../arm-none-eabi/lib/thumb/v7e-m+fp/hard\libm.a(libm_a-wf_log10.o)
 *fill*         0x0800287e        0x2 
 .rodata.dp_l   0x08002880        0x8 C:/ST/STM32CubeIDE_1.18.1/STM32CubeIDE/plugins/com.st.stm32cube.ide.mcu.externaltools.gnu-tools-for-stm32.13.3.rel1.win32_1.0.0.202411081344/tools/bin/../lib/gcc/arm-none-eabi/13.3.1/../../../../arm-none-eabi/lib/thumb/v7e-m+fp/hard\libm.a(libm_a-ef_pow.o)
 .rodata.dp_h   0x08002888        0x8 C:/ST/STM32CubeIDE_1.18.1/STM32CubeIDE/plugins/com.st.stm32cube.ide.mcu.externaltools.gnu-tools-for-stm32.13.3.rel1.win32_1.0.0.202411081344/tools/bin/../lib/gcc/arm-none-eabi/13.3.1/../../../../arm-none-eabi/lib/thumb/v7e-m+fp/hard\libm.a(libm_a-ef_pow.o)
 .rodata.bp     0x08002890        0x8 C:/ST/STM32CubeIDE_1.18.1/STM32CubeIDE/plugins/com.st.stm32cube.ide.mcu.externaltools.gnu-tools-for-stm32.13.3.rel1.win32_1.0.0.202411081344/tools/bin/../lib/gcc/arm-none-eabi/13.3.1/../../../../arm-none-eabi/lib/thumb/v7e-m+fp/hard\libm.a(libm_a-ef_pow.o)
                0x08002898                        . = ALIGN (0x4)

.ARM.extab      0x08002898        0x0
                0x08002898                        . = ALIGN (0x4)
 *(.ARM.extab* .gnu.linkonce.armextab.*)
                0x08002898                        . = ALIGN (0x4)

.ARM            0x08002898        0x8
                0x08002898                        . = ALIGN (0x4)
                0x08002898                        __exidx_start = .
 *(.ARM.exidx*)
 .ARM.exidx     0x08002898        0x8 C:/ST/STM32CubeIDE_1.18.1/STM32CubeIDE/plugins/com.st.stm32cube.ide.mcu.externaltools.gnu-tools-for-stm32.13.3.rel1.win32_1.0.0.202411081344/tools/bin/../lib/gcc/arm-none-eabi/13.3.1/../../../../arm-none-eabi/lib/thumb/v7e-m+fp/hard\libc_nano.a(libc_a-memchr.o)
                0x080028a0                        __exidx_end = .
                0x080028a0                        . = ALIGN (0x4)

.preinit_array  0x080028a0        0x0
                0x080028a0                        . = ALIGN (0x4)
                0x080028a0                        PROVIDE (__preinit_array_start = .)
 *(.preinit_array*)
                0x080028a0                        PROVIDE (__preinit_array_end = .)
                0x080028a0                        . = ALIGN (0x4)

.init_array     0x080028a0        0x4
                0x080028a0                        . = ALIGN (0x4)
                0x080028a0                        PROVIDE (__init_array_start = .)
 *(SORT_BY_NAME(.init_array.*))
 *(.init_array*)
 .init_array    0x080028a0        0x4 C:/ST/STM32CubeIDE_1.18.1/STM32CubeIDE/plugins/com.st.stm32cube.ide.mcu.externaltools.gnu-tools-for-stm32.13.3.rel1.win32_1.0.0.202411081344/tools/bin/../lib/gcc/arm-none-eabi/13.3.1/thumb/v7e-m+fp/hard/crtbegin.o
                0x080028a4                        PROVIDE (__init_array_end = .)
                0x080028a4                        . = ALIGN (0x4)

.fini_array     0x080028a4        0x4
                0x080028a4                        . = ALIGN (0x4)
                [!provide]                        PROVIDE (__fini_array_start = .)
 *(SORT_BY_NAME(.fini_array.*))
 *(.fini_array*)
 .fini_array    0x080028a4        0x4 C:/ST/STM32CubeIDE_1.18.1/STM32CubeIDE/plugins/com.st.stm32cube.ide.mcu.externaltools.gnu-tools-for-stm32.13.3.rel1.win32_1.0.0.202411081344/tools/bin/../lib/gcc/arm-none-eabi/13.3.1/thumb/v7e-m+fp/hard/crtbegin.o
                [!provide]                        PROVIDE (__fini_array_end = .)
                0x080028a8                        . = ALIGN (0x4)
                0x080028a8                        _sidata = LOADADDR (.data)

.rel.dyn        0x080028a8        0x0
 .rel.iplt      0x080028a8        0x0 C:/ST/STM32CubeIDE_1.18.1/STM32CubeIDE/plugins/com.st.stm32cube.ide.mcu.externaltools.gnu-tools-for-stm32.13.3.rel1.win32_1.0.0.202411081344/tools/bin/../lib/gcc/arm-none-eabi/13.3.1/thumb/v7e-m+fp/hard/crtbegin.o

.data           0x20000000       0x8c load address 0x080028a8
                0x20000000                        . = ALIGN (0x4)
                0x20000000                        _sdata = .
 *(.data)
 *(.data*)
 .data.R0       0x20000000        0x4 ./Core/Src/gas_sensor.o
 .data.leds     0x20000004       0x30 ./Core/Src/led.o
 .data.SystemCoreClock
                0x20000034        0x4 ./Core/Src/system_stm32f4xx.o
                0x20000034                SystemCoreClock
 .data.uwTickFreq
                0x20000038        0x1 ./Drivers/STM32F4xx_HAL_Driver/Src/stm32f4xx_hal.o
                0x20000038                uwTickFreq
 *fill*         0x20000039        0x3 
 .data._impure_ptr
                0x2000003c        0x4 C:/ST/STM32CubeIDE_1.18.1/STM32CubeIDE/plugins/com.st.stm32cube.ide.mcu.externaltools.gnu-tools-for-stm32.13.3.rel1.win32_1.0.0.202411081344/tools/bin/../lib/gcc/arm-none-eabi/13.3.1/../../../../arm-none-eabi/lib/thumb/v7e-m+fp/hard\libc_nano.a(libc_a-impure.o)
                0x2000003c                _impure_ptr
 .data._impure_data
                0x20000040       0x4c C:/ST/STM32CubeIDE_1.18.1/STM32CubeIDE/plugins/com.st.stm32cube.ide.mcu.externaltools.gnu-tools-for-stm32.13.3.rel1.win32_1.0.0.202411081344/tools/bin/../lib/gcc/arm-none-eabi/13.3.1/../../../../arm-none-eabi/lib/thumb/v7e-m+fp/hard\libc_nano.a(libc_a-impure.o)
                0x20000040                _impure_data
 *(.RamFunc)
 *(.RamFunc*)
                0x2000008c                        . = ALIGN (0x4)
                0x2000008c                        _edata = .

.igot.plt       0x2000008c        0x0 load address 0x08002934
 .igot.plt      0x2000008c        0x0 C:/ST/STM32CubeIDE_1.18.1/STM32CubeIDE/plugins/com.st.stm32cube.ide.mcu.externaltools.gnu-tools-for-stm32.13.3.rel1.win32_1.0.0.202411081344/tools/bin/../lib/gcc/arm-none-eabi/13.3.1/thumb/v7e-m+fp/hard/crtbegin.o
                0x2000008c                        . = ALIGN (0x4)

.bss            0x2000008c      0x198 load address 0x08002934
                0x2000008c                        _sbss = .
                0x2000008c                        __bss_start__ = _sbss
 *(.bss)
 .bss           0x2000008c       0x1c C:/ST/STM32CubeIDE_1.18.1/STM32CubeIDE/plugins/com.st.stm32cube.ide.mcu.externaltools.gnu-tools-for-stm32.13.3.rel1.win32_1.0.0.202411081344/tools/bin/../lib/gcc/arm-none-eabi/13.3.1/thumb/v7e-m+fp/hard/crtbegin.o
 *(.bss*)
 .bss.buzzer_start
                0x200000a8        0x4 ./Core/Src/buzzer.o
 .bss.buzzer_active
                0x200000ac        0x4 ./Core/Src/buzzer.o
 .bss.buzzer_duration
                0x200000b0        0x4 ./Core/Src/buzzer.o
 .bss.relay_state
                0x200000b4        0x1 ./Core/Src/relay.o
 *fill*         0x200000b5        0x3 
 .bss.last_sent_time
                0x200000b8        0x4 ./Core/Src/scheduler.o
 .bss.lcd_last_update
                0x200000bc        0x4 ./Core/Src/state_machine.o
 .bss.lcd_paused_displayed
                0x200000c0        0x1 ./Core/Src/state_machine.o
 *fill*         0x200000c1        0x3 
 .bss.led_danger_last_toggle
                0x200000c4        0x4 ./Core/Src/state_machine.o
 .bss.led_danger_on
                0x200000c8        0x1 ./Core/Src/state_machine.o
 .bss.system_state
                0x200000c9        0x1 ./Core/Src/state_machine.o
 .bss.gas_alert_level
                0x200000ca        0x1 ./Core/Src/state_machine.o
 *fill*         0x200000cb        0x1 
 .bss.__sbrk_heap_end
                0x200000cc        0x4 ./Core/Src/sysmem.o
 .bss.system_millis
                0x200000d0        0x4 ./Core/Src/timer.o
 .bss.blocking_delay
                0x200000d4        0x4 ./Core/Src/timer.o
 .bss.uwTick    0x200000d8        0x4 ./Drivers/STM32F4xx_HAL_Driver/Src/stm32f4xx_hal.o
                0x200000d8                uwTick
 .bss.__sf      0x200000dc      0x138 C:/ST/STM32CubeIDE_1.18.1/STM32CubeIDE/plugins/com.st.stm32cube.ide.mcu.externaltools.gnu-tools-for-stm32.13.3.rel1.win32_1.0.0.202411081344/tools/bin/../lib/gcc/arm-none-eabi/13.3.1/../../../../arm-none-eabi/lib/thumb/v7e-m+fp/hard\libc_nano.a(libc_a-findfp.o)
                0x200000dc                __sf
 .bss.errno     0x20000214        0x4 C:/ST/STM32CubeIDE_1.18.1/STM32CubeIDE/plugins/com.st.stm32cube.ide.mcu.externaltools.gnu-tools-for-stm32.13.3.rel1.win32_1.0.0.202411081344/tools/bin/../lib/gcc/arm-none-eabi/13.3.1/../../../../arm-none-eabi/lib/thumb/v7e-m+fp/hard\libc_nano.a(libc_a-reent.o)
                0x20000214                errno
 .bss.__lock___malloc_recursive_mutex
                0x20000218        0x1 C:/ST/STM32CubeIDE_1.18.1/STM32CubeIDE/plugins/com.st.stm32cube.ide.mcu.externaltools.gnu-tools-for-stm32.13.3.rel1.win32_1.0.0.202411081344/tools/bin/../lib/gcc/arm-none-eabi/13.3.1/../../../../arm-none-eabi/lib/thumb/v7e-m+fp/hard\libc_nano.a(libc_a-lock.o)
                0x20000218                __lock___malloc_recursive_mutex
 *fill*         0x20000219        0x3 
 .bss.__malloc_sbrk_start
                0x2000021c        0x4 C:/ST/STM32CubeIDE_1.18.1/STM32CubeIDE/plugins/com.st.stm32cube.ide.mcu.externaltools.gnu-tools-for-stm32.13.3.rel1.win32_1.0.0.202411081344/tools/bin/../lib/gcc/arm-none-eabi/13.3.1/../../../../arm-none-eabi/lib/thumb/v7e-m+fp/hard\libc_nano.a(libc_a-mallocr.o)
                0x2000021c                __malloc_sbrk_start
 .bss.__malloc_free_list
                0x20000220        0x4 C:/ST/STM32CubeIDE_1.18.1/STM32CubeIDE/plugins/com.st.stm32cube.ide.mcu.externaltools.gnu-tools-for-stm32.13.3.rel1.win32_1.0.0.202411081344/tools/bin/../lib/gcc/arm-none-eabi/13.3.1/../../../../arm-none-eabi/lib/thumb/v7e-m+fp/hard\libc_nano.a(libc_a-mallocr.o)
                0x20000220                __malloc_free_list
 *(COMMON)
                0x20000224                        . = ALIGN (0x4)
                0x20000224                        _ebss = .
                0x20000224                        __bss_end__ = _ebss

._user_heap_stack
                0x20000224      0x604 load address 0x08002934
                0x20000228                        . = ALIGN (0x8)
 *fill*         0x20000224        0x4 
                [!provide]                        PROVIDE (end = .)
                0x20000228                        PROVIDE (_end = .)
                0x20000428                        . = (. + _Min_Heap_Size)
 *fill*         0x20000228      0x200 
                0x20000828                        . = (. + _Min_Stack_Size)
 *fill*         0x20000428      0x400 
                0x20000828                        . = ALIGN (0x8)

/DISCARD/
 libc.a(*)
 libm.a(*)
 libgcc.a(*)

.ARM.attributes
                0x00000000       0x30
 *(.ARM.attributes)
 .ARM.attributes
                0x00000000       0x22 C:/ST/STM32CubeIDE_1.18.1/STM32CubeIDE/plugins/com.st.stm32cube.ide.mcu.externaltools.gnu-tools-for-stm32.13.3.rel1.win32_1.0.0.202411081344/tools/bin/../lib/gcc/arm-none-eabi/13.3.1/thumb/v7e-m+fp/hard/crti.o
 .ARM.attributes
                0x00000022       0x34 C:/ST/STM32CubeIDE_1.18.1/STM32CubeIDE/plugins/com.st.stm32cube.ide.mcu.externaltools.gnu-tools-for-stm32.13.3.rel1.win32_1.0.0.202411081344/tools/bin/../lib/gcc/arm-none-eabi/13.3.1/thumb/v7e-m+fp/hard/crtbegin.o
 .ARM.attributes
                0x00000056       0x34 ./Core/Src/adc.o
 .ARM.attributes
                0x0000008a       0x34 ./Core/Src/button.o
 .ARM.attributes
                0x000000be       0x34 ./Core/Src/buzzer.o
 .ARM.attributes
                0x000000f2       0x34 ./Core/Src/gas_sensor.o
 .ARM.attributes
                0x00000126       0x34 ./Core/Src/gpio.o
 .ARM.attributes
                0x0000015a       0x34 ./Core/Src/i2c.o
 .ARM.attributes
                0x0000018e       0x34 ./Core/Src/lcd.o
 .ARM.attributes
                0x000001c2       0x34 ./Core/Src/led.o
 .ARM.attributes
                0x000001f6       0x34 ./Core/Src/main.o
 .ARM.attributes
                0x0000022a       0x34 ./Core/Src/relay.o
 .ARM.attributes
                0x0000025e       0x34 ./Core/Src/scheduler.o
 .ARM.attributes
                0x00000292       0x34 ./Core/Src/state_machine.o
 .ARM.attributes
                0x000002c6       0x34 ./Core/Src/stm32f4xx_it.o
 .ARM.attributes
                0x000002fa       0x34 ./Core/Src/sysmem.o
 .ARM.attributes
                0x0000032e       0x34 ./Core/Src/system_stm32f4xx.o
 .ARM.attributes
                0x00000362       0x34 ./Core/Src/timer.o
 .ARM.attributes
                0x00000396       0x34 ./Core/Src/uart.o
 .ARM.attributes
                0x000003ca       0x21 ./Core/Startup/startup_stm32f411retx.o
 .ARM.attributes
                0x000003eb       0x34 ./Drivers/STM32F4xx_HAL_Driver/Src/stm32f4xx_hal.o
 .ARM.attributes
                0x0000041f       0x34 C:/ST/STM32CubeIDE_1.18.1/STM32CubeIDE/plugins/com.st.stm32cube.ide.mcu.externaltools.gnu-tools-for-stm32.13.3.rel1.win32_1.0.0.202411081344/tools/bin/../lib/gcc/arm-none-eabi/13.3.1/../../../../arm-none-eabi/lib/thumb/v7e-m+fp/hard\libc_nano.a(libc_a-findfp.o)
 .ARM.attributes
                0x00000453       0x34 C:/ST/STM32CubeIDE_1.18.1/STM32CubeIDE/plugins/com.st.stm32cube.ide.mcu.externaltools.gnu-tools-for-stm32.13.3.rel1.win32_1.0.0.202411081344/tools/bin/../lib/gcc/arm-none-eabi/13.3.1/../../../../arm-none-eabi/lib/thumb/v7e-m+fp/hard\libc_nano.a(libc_a-sprintf.o)
 .ARM.attributes
                0x00000487       0x34 C:/ST/STM32CubeIDE_1.18.1/STM32CubeIDE/plugins/com.st.stm32cube.ide.mcu.externaltools.gnu-tools-for-stm32.13.3.rel1.win32_1.0.0.202411081344/tools/bin/../lib/gcc/arm-none-eabi/13.3.1/../../../../arm-none-eabi/lib/thumb/v7e-m+fp/hard\libc_nano.a(libc_a-reent.o)
 .ARM.attributes
                0x000004bb       0x34 C:/ST/STM32CubeIDE_1.18.1/STM32CubeIDE/plugins/com.st.stm32cube.ide.mcu.externaltools.gnu-tools-for-stm32.13.3.rel1.win32_1.0.0.202411081344/tools/bin/../lib/gcc/arm-none-eabi/13.3.1/../../../../arm-none-eabi/lib/thumb/v7e-m+fp/hard\libc_nano.a(libc_a-impure.o)
 .ARM.attributes
                0x000004ef       0x34 C:/ST/STM32CubeIDE_1.18.1/STM32CubeIDE/plugins/com.st.stm32cube.ide.mcu.externaltools.gnu-tools-for-stm32.13.3.rel1.win32_1.0.0.202411081344/tools/bin/../lib/gcc/arm-none-eabi/13.3.1/../../../../arm-none-eabi/lib/thumb/v7e-m+fp/hard\libc_nano.a(libc_a-errno.o)
 .ARM.attributes
                0x00000523       0x34 C:/ST/STM32CubeIDE_1.18.1/STM32CubeIDE/plugins/com.st.stm32cube.ide.mcu.externaltools.gnu-tools-for-stm32.13.3.rel1.win32_1.0.0.202411081344/tools/bin/../lib/gcc/arm-none-eabi/13.3.1/../../../../arm-none-eabi/lib/thumb/v7e-m+fp/hard\libc_nano.a(libc_a-init.o)
 .ARM.attributes
                0x00000557       0x34 C:/ST/STM32CubeIDE_1.18.1/STM32CubeIDE/plugins/com.st.stm32cube.ide.mcu.externaltools.gnu-tools-for-stm32.13.3.rel1.win32_1.0.0.202411081344/tools/bin/../lib/gcc/arm-none-eabi/13.3.1/../../../../arm-none-eabi/lib/thumb/v7e-m+fp/hard\libc_nano.a(libc_a-lock.o)
 .ARM.attributes
                0x0000058b       0x34 C:/ST/STM32CubeIDE_1.18.1/STM32CubeIDE/plugins/com.st.stm32cube.ide.mcu.externaltools.gnu-tools-for-stm32.13.3.rel1.win32_1.0.0.202411081344/tools/bin/../lib/gcc/arm-none-eabi/13.3.1/../../../../arm-none-eabi/lib/thumb/v7e-m+fp/hard\libc_nano.a(libc_a-freer.o)
 .ARM.attributes
                0x000005bf       0x34 C:/ST/STM32CubeIDE_1.18.1/STM32CubeIDE/plugins/com.st.stm32cube.ide.mcu.externaltools.gnu-tools-for-stm32.13.3.rel1.win32_1.0.0.202411081344/tools/bin/../lib/gcc/arm-none-eabi/13.3.1/../../../../arm-none-eabi/lib/thumb/v7e-m+fp/hard\libc_nano.a(libc_a-mallocr.o)
 .ARM.attributes
                0x000005f3       0x34 C:/ST/STM32CubeIDE_1.18.1/STM32CubeIDE/plugins/com.st.stm32cube.ide.mcu.externaltools.gnu-tools-for-stm32.13.3.rel1.win32_1.0.0.202411081344/tools/bin/../lib/gcc/arm-none-eabi/13.3.1/../../../../arm-none-eabi/lib/thumb/v7e-m+fp/hard\libc_nano.a(libc_a-mlock.o)
 .ARM.attributes
                0x00000627       0x34 C:/ST/STM32CubeIDE_1.18.1/STM32CubeIDE/plugins/com.st.stm32cube.ide.mcu.externaltools.gnu-tools-for-stm32.13.3.rel1.win32_1.0.0.202411081344/tools/bin/../lib/gcc/arm-none-eabi/13.3.1/../../../../arm-none-eabi/lib/thumb/v7e-m+fp/hard\libc_nano.a(libc_a-nano-svfprintf.o)
 .ARM.attributes
                0x0000065b       0x34 C:/ST/STM32CubeIDE_1.18.1/STM32CubeIDE/plugins/com.st.stm32cube.ide.mcu.externaltools.gnu-tools-for-stm32.13.3.rel1.win32_1.0.0.202411081344/tools/bin/../lib/gcc/arm-none-eabi/13.3.1/../../../../arm-none-eabi/lib/thumb/v7e-m+fp/hard\libc_nano.a(libc_a-nano-vfprintf_i.o)
 .ARM.attributes
                0x0000068f       0x34 C:/ST/STM32CubeIDE_1.18.1/STM32CubeIDE/plugins/com.st.stm32cube.ide.mcu.externaltools.gnu-tools-for-stm32.13.3.rel1.win32_1.0.0.202411081344/tools/bin/../lib/gcc/arm-none-eabi/13.3.1/../../../../arm-none-eabi/lib/thumb/v7e-m+fp/hard\libc_nano.a(libc_a-memmove.o)
 .ARM.attributes
                0x000006c3       0x34 C:/ST/STM32CubeIDE_1.18.1/STM32CubeIDE/plugins/com.st.stm32cube.ide.mcu.externaltools.gnu-tools-for-stm32.13.3.rel1.win32_1.0.0.202411081344/tools/bin/../lib/gcc/arm-none-eabi/13.3.1/../../../../arm-none-eabi/lib/thumb/v7e-m+fp/hard\libc_nano.a(libc_a-sbrkr.o)
 .ARM.attributes
                0x000006f7       0x1c C:/ST/STM32CubeIDE_1.18.1/STM32CubeIDE/plugins/com.st.stm32cube.ide.mcu.externaltools.gnu-tools-for-stm32.13.3.rel1.win32_1.0.0.202411081344/tools/bin/../lib/gcc/arm-none-eabi/13.3.1/../../../../arm-none-eabi/lib/thumb/v7e-m+fp/hard\libc_nano.a(libc_a-memchr.o)
 .ARM.attributes
                0x00000713       0x34 C:/ST/STM32CubeIDE_1.18.1/STM32CubeIDE/plugins/com.st.stm32cube.ide.mcu.externaltools.gnu-tools-for-stm32.13.3.rel1.win32_1.0.0.202411081344/tools/bin/../lib/gcc/arm-none-eabi/13.3.1/../../../../arm-none-eabi/lib/thumb/v7e-m+fp/hard\libc_nano.a(libc_a-memcpy-stub.o)
 .ARM.attributes
                0x00000747       0x34 C:/ST/STM32CubeIDE_1.18.1/STM32CubeIDE/plugins/com.st.stm32cube.ide.mcu.externaltools.gnu-tools-for-stm32.13.3.rel1.win32_1.0.0.202411081344/tools/bin/../lib/gcc/arm-none-eabi/13.3.1/../../../../arm-none-eabi/lib/thumb/v7e-m+fp/hard\libc_nano.a(libc_a-reallocr.o)
 .ARM.attributes
                0x0000077b       0x34 C:/ST/STM32CubeIDE_1.18.1/STM32CubeIDE/plugins/com.st.stm32cube.ide.mcu.externaltools.gnu-tools-for-stm32.13.3.rel1.win32_1.0.0.202411081344/tools/bin/../lib/gcc/arm-none-eabi/13.3.1/../../../../arm-none-eabi/lib/thumb/v7e-m+fp/hard\libc_nano.a(libc_a-msizer.o)
 .ARM.attributes
                0x000007af       0x34 C:/ST/STM32CubeIDE_1.18.1/STM32CubeIDE/plugins/com.st.stm32cube.ide.mcu.externaltools.gnu-tools-for-stm32.13.3.rel1.win32_1.0.0.202411081344/tools/bin/../lib/gcc/arm-none-eabi/13.3.1/../../../../arm-none-eabi/lib/thumb/v7e-m+fp/hard\libm.a(libm_a-wf_log10.o)
 .ARM.attributes
                0x000007e3       0x34 C:/ST/STM32CubeIDE_1.18.1/STM32CubeIDE/plugins/com.st.stm32cube.ide.mcu.externaltools.gnu-tools-for-stm32.13.3.rel1.win32_1.0.0.202411081344/tools/bin/../lib/gcc/arm-none-eabi/13.3.1/../../../../arm-none-eabi/lib/thumb/v7e-m+fp/hard\libm.a(libm_a-wf_pow.o)
 .ARM.attributes
                0x00000817       0x34 C:/ST/STM32CubeIDE_1.18.1/STM32CubeIDE/plugins/com.st.stm32cube.ide.mcu.externaltools.gnu-tools-for-stm32.13.3.rel1.win32_1.0.0.202411081344/tools/bin/../lib/gcc/arm-none-eabi/13.3.1/../../../../arm-none-eabi/lib/thumb/v7e-m+fp/hard\libm.a(libm_a-sf_finite.o)
 .ARM.attributes
                0x0000084b       0x34 C:/ST/STM32CubeIDE_1.18.1/STM32CubeIDE/plugins/com.st.stm32cube.ide.mcu.externaltools.gnu-tools-for-stm32.13.3.rel1.win32_1.0.0.202411081344/tools/bin/../lib/gcc/arm-none-eabi/13.3.1/../../../../arm-none-eabi/lib/thumb/v7e-m+fp/hard\libm.a(libm_a-sf_nan.o)
 .ARM.attributes
                0x0000087f       0x34 C:/ST/STM32CubeIDE_1.18.1/STM32CubeIDE/plugins/com.st.stm32cube.ide.mcu.externaltools.gnu-tools-for-stm32.13.3.rel1.win32_1.0.0.202411081344/tools/bin/../lib/gcc/arm-none-eabi/13.3.1/../../../../arm-none-eabi/lib/thumb/v7e-m+fp/hard\libm.a(libm_a-ef_log10.o)
 .ARM.attributes
                0x000008b3       0x34 C:/ST/STM32CubeIDE_1.18.1/STM32CubeIDE/plugins/com.st.stm32cube.ide.mcu.externaltools.gnu-tools-for-stm32.13.3.rel1.win32_1.0.0.202411081344/tools/bin/../lib/gcc/arm-none-eabi/13.3.1/../../../../arm-none-eabi/lib/thumb/v7e-m+fp/hard\libm.a(libm_a-ef_pow.o)
 .ARM.attributes
                0x000008e7       0x34 C:/ST/STM32CubeIDE_1.18.1/STM32CubeIDE/plugins/com.st.stm32cube.ide.mcu.externaltools.gnu-tools-for-stm32.13.3.rel1.win32_1.0.0.202411081344/tools/bin/../lib/gcc/arm-none-eabi/13.3.1/../../../../arm-none-eabi/lib/thumb/v7e-m+fp/hard\libm.a(libm_a-sf_fabs.o)
 .ARM.attributes
                0x0000091b       0x34 C:/ST/STM32CubeIDE_1.18.1/STM32CubeIDE/plugins/com.st.stm32cube.ide.mcu.externaltools.gnu-tools-for-stm32.13.3.rel1.win32_1.0.0.202411081344/tools/bin/../lib/gcc/arm-none-eabi/13.3.1/../../../../arm-none-eabi/lib/thumb/v7e-m+fp/hard\libm.a(libm_a-sf_scalbn.o)
 .ARM.attributes
                0x0000094f       0x34 C:/ST/STM32CubeIDE_1.18.1/STM32CubeIDE/plugins/com.st.stm32cube.ide.mcu.externaltools.gnu-tools-for-stm32.13.3.rel1.win32_1.0.0.202411081344/tools/bin/../lib/gcc/arm-none-eabi/13.3.1/../../../../arm-none-eabi/lib/thumb/v7e-m+fp/hard\libm.a(libm_a-math_errf.o)
 .ARM.attributes
                0x00000983       0x34 C:/ST/STM32CubeIDE_1.18.1/STM32CubeIDE/plugins/com.st.stm32cube.ide.mcu.externaltools.gnu-tools-for-stm32.13.3.rel1.win32_1.0.0.202411081344/tools/bin/../lib/gcc/arm-none-eabi/13.3.1/../../../../arm-none-eabi/lib/thumb/v7e-m+fp/hard\libm.a(libm_a-ef_sqrt.o)
 .ARM.attributes
                0x000009b7       0x34 C:/ST/STM32CubeIDE_1.18.1/STM32CubeIDE/plugins/com.st.stm32cube.ide.mcu.externaltools.gnu-tools-for-stm32.13.3.rel1.win32_1.0.0.202411081344/tools/bin/../lib/gcc/arm-none-eabi/13.3.1/../../../../arm-none-eabi/lib/thumb/v7e-m+fp/hard\libm.a(libm_a-ef_log.o)
 .ARM.attributes
                0x000009eb       0x22 C:/ST/STM32CubeIDE_1.18.1/STM32CubeIDE/plugins/com.st.stm32cube.ide.mcu.externaltools.gnu-tools-for-stm32.13.3.rel1.win32_1.0.0.202411081344/tools/bin/../lib/gcc/arm-none-eabi/13.3.1/thumb/v7e-m+fp/hard/crtn.o
OUTPUT(ELT3240-Final.elf elf32-littlearm)
LOAD linker stubs
LOAD C:/ST/STM32CubeIDE_1.18.1/STM32CubeIDE/plugins/com.st.stm32cube.ide.mcu.externaltools.gnu-tools-for-stm32.13.3.rel1.win32_1.0.0.202411081344/tools/bin/../lib/gcc/arm-none-eabi/13.3.1/../../../../arm-none-eabi/lib/thumb/v7e-m+fp/hard\libc.a
LOAD C:/ST/STM32CubeIDE_1.18.1/STM32CubeIDE/plugins/com.st.stm32cube.ide.mcu.externaltools.gnu-tools-for-stm32.13.3.rel1.win32_1.0.0.202411081344/tools/bin/../lib/gcc/arm-none-eabi/13.3.1/../../../../arm-none-eabi/lib/thumb/v7e-m+fp/hard\libm.a
LOAD C:/ST/STM32CubeIDE_1.18.1/STM32CubeIDE/plugins/com.st.stm32cube.ide.mcu.externaltools.gnu-tools-for-stm32.13.3.rel1.win32_1.0.0.202411081344/tools/bin/../lib/gcc/arm-none-eabi/13.3.1/thumb/v7e-m+fp/hard\libgcc.a

.debug_info     0x00000000     0x3c06
 .debug_info    0x00000000      0x440 ./Core/Src/adc.o
 .debug_info    0x00000440      0x49d ./Core/Src/button.o
 .debug_info    0x000008dd      0x1b0 ./Core/Src/buzzer.o
 .debug_info    0x00000a8d      0x219 ./Core/Src/gas_sensor.o
 .debug_info    0x00000ca6      0x2ef ./Core/Src/gpio.o
 .debug_info    0x00000f95      0x178 ./Core/Src/i2c.o
 .debug_info    0x0000110d      0x2ef ./Core/Src/lcd.o
 .debug_info    0x000013fc      0x377 ./Core/Src/led.o
 .debug_info    0x00001773      0x19c ./Core/Src/main.o
 .debug_info    0x0000190f      0x18e ./Core/Src/relay.o
 .debug_info    0x00001a9d      0x1e6 ./Core/Src/scheduler.o
 .debug_info    0x00001c83      0x4ba ./Core/Src/state_machine.o
 .debug_info    0x0000213d      0x1cd ./Core/Src/stm32f4xx_it.o
 .debug_info    0x0000230a      0x168 ./Core/Src/sysmem.o
 .debug_info    0x00002472      0x53e ./Core/Src/system_stm32f4xx.o
 .debug_info    0x000029b0      0x648 ./Core/Src/timer.o
 .debug_info    0x00002ff8      0x31a ./Core/Src/uart.o
 .debug_info    0x00003312       0x30 ./Core/Startup/startup_stm32f411retx.o
 .debug_info    0x00003342      0x8c4 ./Drivers/STM32F4xx_HAL_Driver/Src/stm32f4xx_hal.o

.debug_abbrev   0x00000000     0x163a
 .debug_abbrev  0x00000000      0x107 ./Core/Src/adc.o
 .debug_abbrev  0x00000107      0x16b ./Core/Src/button.o
 .debug_abbrev  0x00000272      0x11c ./Core/Src/buzzer.o
 .debug_abbrev  0x0000038e      0x12b ./Core/Src/gas_sensor.o
 .debug_abbrev  0x000004b9       0xb5 ./Core/Src/gpio.o
 .debug_abbrev  0x0000056e       0xcd ./Core/Src/i2c.o
 .debug_abbrev  0x0000063b      0x13e ./Core/Src/lcd.o
 .debug_abbrev  0x00000779      0x191 ./Core/Src/led.o
 .debug_abbrev  0x0000090a       0xd6 ./Core/Src/main.o
 .debug_abbrev  0x000009e0       0xdf ./Core/Src/relay.o
 .debug_abbrev  0x00000abf      0x142 ./Core/Src/scheduler.o
 .debug_abbrev  0x00000c01      0x226 ./Core/Src/state_machine.o
 .debug_abbrev  0x00000e27       0xd9 ./Core/Src/stm32f4xx_it.o
 .debug_abbrev  0x00000f00       0xbc ./Core/Src/sysmem.o
 .debug_abbrev  0x00000fbc      0x11a ./Core/Src/system_stm32f4xx.o
 .debug_abbrev  0x000010d6      0x1e8 ./Core/Src/timer.o
 .debug_abbrev  0x000012be      0x10d ./Core/Src/uart.o
 .debug_abbrev  0x000013cb       0x24 ./Core/Startup/startup_stm32f411retx.o
 .debug_abbrev  0x000013ef      0x24b ./Drivers/STM32F4xx_HAL_Driver/Src/stm32f4xx_hal.o

.debug_aranges  0x00000000      0x4c8
 .debug_aranges
                0x00000000       0x28 ./Core/Src/adc.o
 .debug_aranges
                0x00000028       0x28 ./Core/Src/button.o
 .debug_aranges
                0x00000050       0x30 ./Core/Src/buzzer.o
 .debug_aranges
                0x00000080       0x38 ./Core/Src/gas_sensor.o
 .debug_aranges
                0x000000b8       0x20 ./Core/Src/gpio.o
 .debug_aranges
                0x000000d8       0x28 ./Core/Src/i2c.o
 .debug_aranges
                0x00000100       0x60 ./Core/Src/lcd.o
 .debug_aranges
                0x00000160       0x58 ./Core/Src/led.o
 .debug_aranges
                0x000001b8       0x20 ./Core/Src/main.o
 .debug_aranges
                0x000001d8       0x30 ./Core/Src/relay.o
 .debug_aranges
                0x00000208       0x28 ./Core/Src/scheduler.o
 .debug_aranges
                0x00000230       0x48 ./Core/Src/state_machine.o
 .debug_aranges
                0x00000278       0x70 ./Core/Src/stm32f4xx_it.o
 .debug_aranges
                0x000002e8       0x20 ./Core/Src/sysmem.o
 .debug_aranges
                0x00000308       0x28 ./Core/Src/system_stm32f4xx.o
 .debug_aranges
                0x00000330       0x50 ./Core/Src/timer.o
 .debug_aranges
                0x00000380       0x30 ./Core/Src/uart.o
 .debug_aranges
                0x000003b0       0x28 ./Core/Startup/startup_stm32f411retx.o
 .debug_aranges
                0x000003d8       0xf0 ./Drivers/STM32F4xx_HAL_Driver/Src/stm32f4xx_hal.o

.debug_rnglists
                0x00000000      0x33e
 .debug_rnglists
                0x00000000       0x19 ./Core/Src/adc.o
 .debug_rnglists
                0x00000019       0x19 ./Core/Src/button.o
 .debug_rnglists
                0x00000032       0x1f ./Core/Src/buzzer.o
 .debug_rnglists
                0x00000051       0x27 ./Core/Src/gas_sensor.o
 .debug_rnglists
                0x00000078       0x14 ./Core/Src/gpio.o
 .debug_rnglists
                0x0000008c       0x1a ./Core/Src/i2c.o
 .debug_rnglists
                0x000000a6       0x43 ./Core/Src/lcd.o
 .debug_rnglists
                0x000000e9       0x3e ./Core/Src/led.o
 .debug_rnglists
                0x00000127       0x13 ./Core/Src/main.o
 .debug_rnglists
                0x0000013a       0x1f ./Core/Src/relay.o
 .debug_rnglists
                0x00000159       0x19 ./Core/Src/scheduler.o
 .debug_rnglists
                0x00000172       0x32 ./Core/Src/state_machine.o
 .debug_rnglists
                0x000001a4       0x4f ./Core/Src/stm32f4xx_it.o
 .debug_rnglists
                0x000001f3       0x13 ./Core/Src/sysmem.o
 .debug_rnglists
                0x00000206       0x1a ./Core/Src/system_stm32f4xx.o
 .debug_rnglists
                0x00000220       0x37 ./Core/Src/timer.o
 .debug_rnglists
                0x00000257       0x1f ./Core/Src/uart.o
 .debug_rnglists
                0x00000276       0x19 ./Core/Startup/startup_stm32f411retx.o
 .debug_rnglists
                0x0000028f       0xaf ./Drivers/STM32F4xx_HAL_Driver/Src/stm32f4xx_hal.o

.debug_macro    0x00000000    0x16a38
 .debug_macro   0x00000000      0x1c4 ./Core/Src/adc.o
 .debug_macro   0x000001c4      0xad8 ./Core/Src/adc.o
 .debug_macro   0x00000c9c       0x2e ./Core/Src/adc.o
 .debug_macro   0x00000cca       0x28 ./Core/Src/adc.o
 .debug_macro   0x00000cf2       0x22 ./Core/Src/adc.o
 .debug_macro   0x00000d14       0x8e ./Core/Src/adc.o
 .debug_macro   0x00000da2       0x51 ./Core/Src/adc.o
 .debug_macro   0x00000df3      0x103 ./Core/Src/adc.o
 .debug_macro   0x00000ef6       0x6a ./Core/Src/adc.o
 .debug_macro   0x00000f60      0x1df ./Core/Src/adc.o
 .debug_macro   0x0000113f       0x1c ./Core/Src/adc.o
 .debug_macro   0x0000115b       0x22 ./Core/Src/adc.o
 .debug_macro   0x0000117d       0xfb ./Core/Src/adc.o
 .debug_macro   0x00001278     0x1011 ./Core/Src/adc.o
 .debug_macro   0x00002289      0x11f ./Core/Src/adc.o
 .debug_macro   0x000023a8     0xb968 ./Core/Src/adc.o
 .debug_macro   0x0000dd10       0x6d ./Core/Src/adc.o
 .debug_macro   0x0000dd7d      0x295 ./Core/Src/adc.o
 .debug_macro   0x0000e012     0x3693 ./Core/Src/adc.o
 .debug_macro   0x000116a5      0x190 ./Core/Src/adc.o
 .debug_macro   0x00011835       0x5c ./Core/Src/adc.o
 .debug_macro   0x00011891      0x45c ./Core/Src/adc.o
 .debug_macro   0x00011ced      0x9e9 ./Core/Src/adc.o
 .debug_macro   0x000126d6      0x115 ./Core/Src/adc.o
 .debug_macro   0x000127eb      0x11b ./Core/Src/adc.o
 .debug_macro   0x00012906       0xa5 ./Core/Src/adc.o
 .debug_macro   0x000129ab      0x15f ./Core/Src/adc.o
 .debug_macro   0x00012b0a      0x287 ./Core/Src/adc.o
 .debug_macro   0x00012d91       0x5f ./Core/Src/adc.o
 .debug_macro   0x00012df0      0x236 ./Core/Src/adc.o
 .debug_macro   0x00013026      0x132 ./Core/Src/adc.o
 .debug_macro   0x00013158      0x264 ./Core/Src/adc.o
 .debug_macro   0x000133bc       0x2e ./Core/Src/adc.o
 .debug_macro   0x000133ea      0x127 ./Core/Src/adc.o
 .debug_macro   0x00013511       0x85 ./Core/Src/adc.o
 .debug_macro   0x00013596       0x89 ./Core/Src/adc.o
 .debug_macro   0x0001361f      0x2aa ./Core/Src/adc.o
 .debug_macro   0x000138c9      0x126 ./Core/Src/adc.o
 .debug_macro   0x000139ef      0x1c4 ./Core/Src/button.o
 .debug_macro   0x00013bb3      0x1cd ./Core/Src/buzzer.o
 .debug_macro   0x00013d80       0x10 ./Core/Src/buzzer.o
 .debug_macro   0x00013d90      0x133 ./Core/Src/gas_sensor.o
 .debug_macro   0x00013ec3       0x61 ./Core/Src/gas_sensor.o
 .debug_macro   0x00013f24       0x2a ./Core/Src/gas_sensor.o
 .debug_macro   0x00013f4e       0x43 ./Core/Src/gas_sensor.o
 .debug_macro   0x00013f91       0x34 ./Core/Src/gas_sensor.o
 .debug_macro   0x00013fc5      0x370 ./Core/Src/gas_sensor.o
 .debug_macro   0x00014335       0x16 ./Core/Src/gas_sensor.o
 .debug_macro   0x0001434b       0x4a ./Core/Src/gas_sensor.o
 .debug_macro   0x00014395       0x34 ./Core/Src/gas_sensor.o
 .debug_macro   0x000143c9       0x10 ./Core/Src/gas_sensor.o
 .debug_macro   0x000143d9       0x58 ./Core/Src/gas_sensor.o
 .debug_macro   0x00014431       0x8e ./Core/Src/gas_sensor.o
 .debug_macro   0x000144bf       0x1c ./Core/Src/gas_sensor.o
 .debug_macro   0x000144db      0x185 ./Core/Src/gas_sensor.o
 .debug_macro   0x00014660      0x19b ./Core/Src/gas_sensor.o
 .debug_macro   0x000147fb      0x1ba ./Core/Src/gpio.o
 .debug_macro   0x000149b5      0x1c4 ./Core/Src/i2c.o
 .debug_macro   0x00014b79      0x1c3 ./Core/Src/lcd.o
 .debug_macro   0x00014d3c       0x22 ./Core/Src/lcd.o
 .debug_macro   0x00014d5e      0x1d3 ./Core/Src/led.o
 .debug_macro   0x00014f31       0x22 ./Core/Src/led.o
 .debug_macro   0x00014f53      0x315 ./Core/Src/main.o
 .debug_macro   0x00015268       0x16 ./Core/Src/main.o
 .debug_macro   0x0001527e       0x3c ./Core/Src/main.o
 .debug_macro   0x000152ba       0x10 ./Core/Src/main.o
 .debug_macro   0x000152ca       0x16 ./Core/Src/main.o
 .debug_macro   0x000152e0       0x16 ./Core/Src/main.o
 .debug_macro   0x000152f6      0x146 ./Core/Src/main.o
 .debug_macro   0x0001543c      0x1d0 ./Core/Src/relay.o
 .debug_macro   0x0001560c      0x16e ./Core/Src/scheduler.o
 .debug_macro   0x0001577a       0x9e ./Core/Src/scheduler.o
 .debug_macro   0x00015818      0x112 ./Core/Src/scheduler.o
 .debug_macro   0x0001592a      0x2cf ./Core/Src/state_machine.o
 .debug_macro   0x00015bf9       0x5b ./Core/Src/state_machine.o
 .debug_macro   0x00015c54       0x94 ./Core/Src/state_machine.o
 .debug_macro   0x00015ce8       0x57 ./Core/Src/state_machine.o
 .debug_macro   0x00015d3f       0x56 ./Core/Src/state_machine.o
 .debug_macro   0x00015d95      0x1f9 ./Core/Src/stm32f4xx_it.o
 .debug_macro   0x00015f8e      0x112 ./Core/Src/sysmem.o
 .debug_macro   0x000160a0      0x23c ./Core/Src/sysmem.o
 .debug_macro   0x000162dc      0x1ba ./Core/Src/system_stm32f4xx.o
 .debug_macro   0x00016496      0x1c4 ./Core/Src/timer.o
 .debug_macro   0x0001665a      0x1c4 ./Core/Src/uart.o
 .debug_macro   0x0001681e      0x21a ./Drivers/STM32F4xx_HAL_Driver/Src/stm32f4xx_hal.o

.debug_line     0x00000000     0x8de3
 .debug_line    0x00000000      0x765 ./Core/Src/adc.o
 .debug_line    0x00000765      0x781 ./Core/Src/button.o
 .debug_line    0x00000ee6      0x793 ./Core/Src/buzzer.o
 .debug_line    0x00001679      0x63a ./Core/Src/gas_sensor.o
 .debug_line    0x00001cb3      0x860 ./Core/Src/gpio.o
 .debug_line    0x00002513      0x795 ./Core/Src/i2c.o
 .debug_line    0x00002ca8      0x8bb ./Core/Src/lcd.o
 .debug_line    0x00003563      0x917 ./Core/Src/led.o
 .debug_line    0x00003e7a      0x909 ./Core/Src/main.o
 .debug_line    0x00004783      0x741 ./Core/Src/relay.o
 .debug_line    0x00004ec4      0x5d2 ./Core/Src/scheduler.o
 .debug_line    0x00005496      0xa1a ./Core/Src/state_machine.o
 .debug_line    0x00005eb0      0x846 ./Core/Src/stm32f4xx_it.o
 .debug_line    0x000066f6      0x588 ./Core/Src/sysmem.o
 .debug_line    0x00006c7e      0x78b ./Core/Src/system_stm32f4xx.o
 .debug_line    0x00007409      0x7f3 ./Core/Src/timer.o
 .debug_line    0x00007bfc      0x766 ./Core/Src/uart.o
 .debug_line    0x00008362       0x7a ./Core/Startup/startup_stm32f411retx.o
 .debug_line    0x000083dc      0xa07 ./Drivers/STM32F4xx_HAL_Driver/Src/stm32f4xx_hal.o

.debug_str      0x00000000    0x85795
 .debug_str     0x00000000    0x85795 ./Core/Src/adc.o
                              0x8010a (size before relaxing)
 .debug_str     0x00085795    0x803d9 ./Core/Src/button.o
 .debug_str     0x00085795    0x7ffe5 ./Core/Src/buzzer.o
 .debug_str     0x00085795     0x7b7a ./Core/Src/gas_sensor.o
 .debug_str     0x00085795    0x8007b ./Core/Src/gpio.o
 .debug_str     0x00085795    0x7ff93 ./Core/Src/i2c.o
 .debug_str     0x00085795    0x80042 ./Core/Src/lcd.o
 .debug_str     0x00085795    0x80073 ./Core/Src/led.o
 .debug_str     0x00085795    0x8391e ./Core/Src/main.o
 .debug_str     0x00085795    0x7ffcb ./Core/Src/relay.o
 .debug_str     0x00085795     0x79c8 ./Core/Src/scheduler.o
 .debug_str     0x00085795    0x839f5 ./Core/Src/state_machine.o
 .debug_str     0x00085795    0x80220 ./Core/Src/stm32f4xx_it.o
 .debug_str     0x00085795     0x7783 ./Core/Src/sysmem.o
 .debug_str     0x00085795    0x80119 ./Core/Src/system_stm32f4xx.o
 .debug_str     0x00085795    0x8047d ./Core/Src/timer.o
 .debug_str     0x00085795    0x80089 ./Core/Src/uart.o
 .debug_str     0x00085795       0x85 ./Core/Startup/startup_stm32f411retx.o
 .debug_str     0x00085795    0x80b45 ./Drivers/STM32F4xx_HAL_Driver/Src/stm32f4xx_hal.o

.comment        0x00000000       0x43
 .comment       0x00000000       0x43 ./Core/Src/adc.o
                                 0x44 (size before relaxing)
 .comment       0x00000043       0x44 ./Core/Src/button.o
 .comment       0x00000043       0x44 ./Core/Src/buzzer.o
 .comment       0x00000043       0x44 ./Core/Src/gas_sensor.o
 .comment       0x00000043       0x44 ./Core/Src/gpio.o
 .comment       0x00000043       0x44 ./Core/Src/i2c.o
 .comment       0x00000043       0x44 ./Core/Src/lcd.o
 .comment       0x00000043       0x44 ./Core/Src/led.o
 .comment       0x00000043       0x44 ./Core/Src/main.o
 .comment       0x00000043       0x44 ./Core/Src/relay.o
 .comment       0x00000043       0x44 ./Core/Src/scheduler.o
 .comment       0x00000043       0x44 ./Core/Src/state_machine.o
 .comment       0x00000043       0x44 ./Core/Src/stm32f4xx_it.o
 .comment       0x00000043       0x44 ./Core/Src/sysmem.o
 .comment       0x00000043       0x44 ./Core/Src/system_stm32f4xx.o
 .comment       0x00000043       0x44 ./Core/Src/timer.o
 .comment       0x00000043       0x44 ./Core/Src/uart.o
 .comment       0x00000043       0x44 ./Drivers/STM32F4xx_HAL_Driver/Src/stm32f4xx_hal.o

.debug_frame    0x00000000     0x1554
 .debug_frame   0x00000000       0x50 ./Core/Src/adc.o
 .debug_frame   0x00000050       0x54 ./Core/Src/button.o
 .debug_frame   0x000000a4       0x70 ./Core/Src/buzzer.o
 .debug_frame   0x00000114       0x9c ./Core/Src/gas_sensor.o
 .debug_frame   0x000001b0       0x34 ./Core/Src/gpio.o
 .debug_frame   0x000001e4       0x58 ./Core/Src/i2c.o
 .debug_frame   0x0000023c      0x150 ./Core/Src/lcd.o
 .debug_frame   0x0000038c      0x148 ./Core/Src/led.o
 .debug_frame   0x000004d4       0x30 ./Core/Src/main.o
 .debug_frame   0x00000504       0x70 ./Core/Src/relay.o
 .debug_frame   0x00000574       0x58 ./Core/Src/scheduler.o
 .debug_frame   0x000005cc       0xc8 ./Core/Src/state_machine.o
 .debug_frame   0x00000694      0x13c ./Core/Src/stm32f4xx_it.o
 .debug_frame   0x000007d0       0x34 ./Core/Src/sysmem.o
 .debug_frame   0x00000804       0x58 ./Core/Src/system_stm32f4xx.o
 .debug_frame   0x0000085c      0x100 ./Core/Src/timer.o
 .debug_frame   0x0000095c       0x7c ./Core/Src/uart.o
 .debug_frame   0x000009d8      0x374 ./Drivers/STM32F4xx_HAL_Driver/Src/stm32f4xx_hal.o
 .debug_frame   0x00000d4c      0x144 C:/ST/STM32CubeIDE_1.18.1/STM32CubeIDE/plugins/com.st.stm32cube.ide.mcu.externaltools.gnu-tools-for-stm32.13.3.rel1.win32_1.0.0.202411081344/tools/bin/../lib/gcc/arm-none-eabi/13.3.1/../../../../arm-none-eabi/lib/thumb/v7e-m+fp/hard\libc_nano.a(libc_a-findfp.o)
 .debug_frame   0x00000e90       0x74 C:/ST/STM32CubeIDE_1.18.1/STM32CubeIDE/plugins/com.st.stm32cube.ide.mcu.externaltools.gnu-tools-for-stm32.13.3.rel1.win32_1.0.0.202411081344/tools/bin/../lib/gcc/arm-none-eabi/13.3.1/../../../../arm-none-eabi/lib/thumb/v7e-m+fp/hard\libc_nano.a(libc_a-sprintf.o)
 .debug_frame   0x00000f04       0x38 C:/ST/STM32CubeIDE_1.18.1/STM32CubeIDE/plugins/com.st.stm32cube.ide.mcu.externaltools.gnu-tools-for-stm32.13.3.rel1.win32_1.0.0.202411081344/tools/bin/../lib/gcc/arm-none-eabi/13.3.1/../../../../arm-none-eabi/lib/thumb/v7e-m+fp/hard\libc_nano.a(libc_a-reent.o)
 .debug_frame   0x00000f3c       0x20 C:/ST/STM32CubeIDE_1.18.1/STM32CubeIDE/plugins/com.st.stm32cube.ide.mcu.externaltools.gnu-tools-for-stm32.13.3.rel1.win32_1.0.0.202411081344/tools/bin/../lib/gcc/arm-none-eabi/13.3.1/../../../../arm-none-eabi/lib/thumb/v7e-m+fp/hard\libc_nano.a(libc_a-errno.o)
 .debug_frame   0x00000f5c       0x2c C:/ST/STM32CubeIDE_1.18.1/STM32CubeIDE/plugins/com.st.stm32cube.ide.mcu.externaltools.gnu-tools-for-stm32.13.3.rel1.win32_1.0.0.202411081344/tools/bin/../lib/gcc/arm-none-eabi/13.3.1/../../../../arm-none-eabi/lib/thumb/v7e-m+fp/hard\libc_nano.a(libc_a-init.o)
 .debug_frame   0x00000f88       0xb0 C:/ST/STM32CubeIDE_1.18.1/STM32CubeIDE/plugins/com.st.stm32cube.ide.mcu.externaltools.gnu-tools-for-stm32.13.3.rel1.win32_1.0.0.202411081344/tools/bin/../lib/gcc/arm-none-eabi/13.3.1/../../../../arm-none-eabi/lib/thumb/v7e-m+fp/hard\libc_nano.a(libc_a-lock.o)
 .debug_frame   0x00001038       0x38 C:/ST/STM32CubeIDE_1.18.1/STM32CubeIDE/plugins/com.st.stm32cube.ide.mcu.externaltools.gnu-tools-for-stm32.13.3.rel1.win32_1.0.0.202411081344/tools/bin/../lib/gcc/arm-none-eabi/13.3.1/../../../../arm-none-eabi/lib/thumb/v7e-m+fp/hard\libc_nano.a(libc_a-freer.o)
 .debug_frame   0x00001070       0x50 C:/ST/STM32CubeIDE_1.18.1/STM32CubeIDE/plugins/com.st.stm32cube.ide.mcu.externaltools.gnu-tools-for-stm32.13.3.rel1.win32_1.0.0.202411081344/tools/bin/../lib/gcc/arm-none-eabi/13.3.1/../../../../arm-none-eabi/lib/thumb/v7e-m+fp/hard\libc_nano.a(libc_a-mallocr.o)
 .debug_frame   0x000010c0       0x30 C:/ST/STM32CubeIDE_1.18.1/STM32CubeIDE/plugins/com.st.stm32cube.ide.mcu.externaltools.gnu-tools-for-stm32.13.3.rel1.win32_1.0.0.202411081344/tools/bin/../lib/gcc/arm-none-eabi/13.3.1/../../../../arm-none-eabi/lib/thumb/v7e-m+fp/hard\libc_nano.a(libc_a-mlock.o)
 .debug_frame   0x000010f0       0x90 C:/ST/STM32CubeIDE_1.18.1/STM32CubeIDE/plugins/com.st.stm32cube.ide.mcu.externaltools.gnu-tools-for-stm32.13.3.rel1.win32_1.0.0.202411081344/tools/bin/../lib/gcc/arm-none-eabi/13.3.1/../../../../arm-none-eabi/lib/thumb/v7e-m+fp/hard\libc_nano.a(libc_a-nano-svfprintf.o)
 .debug_frame   0x00001180       0x60 C:/ST/STM32CubeIDE_1.18.1/STM32CubeIDE/plugins/com.st.stm32cube.ide.mcu.externaltools.gnu-tools-for-stm32.13.3.rel1.win32_1.0.0.202411081344/tools/bin/../lib/gcc/arm-none-eabi/13.3.1/../../../../arm-none-eabi/lib/thumb/v7e-m+fp/hard\libc_nano.a(libc_a-nano-vfprintf_i.o)
 .debug_frame   0x000011e0       0x28 C:/ST/STM32CubeIDE_1.18.1/STM32CubeIDE/plugins/com.st.stm32cube.ide.mcu.externaltools.gnu-tools-for-stm32.13.3.rel1.win32_1.0.0.202411081344/tools/bin/../lib/gcc/arm-none-eabi/13.3.1/../../../../arm-none-eabi/lib/thumb/v7e-m+fp/hard\libc_nano.a(libc_a-memmove.o)
 .debug_frame   0x00001208       0x2c C:/ST/STM32CubeIDE_1.18.1/STM32CubeIDE/plugins/com.st.stm32cube.ide.mcu.externaltools.gnu-tools-for-stm32.13.3.rel1.win32_1.0.0.202411081344/tools/bin/../lib/gcc/arm-none-eabi/13.3.1/../../../../arm-none-eabi/lib/thumb/v7e-m+fp/hard\libc_nano.a(libc_a-sbrkr.o)
 .debug_frame   0x00001234       0x28 C:/ST/STM32CubeIDE_1.18.1/STM32CubeIDE/plugins/com.st.stm32cube.ide.mcu.externaltools.gnu-tools-for-stm32.13.3.rel1.win32_1.0.0.202411081344/tools/bin/../lib/gcc/arm-none-eabi/13.3.1/../../../../arm-none-eabi/lib/thumb/v7e-m+fp/hard\libc_nano.a(libc_a-memcpy-stub.o)
 .debug_frame   0x0000125c       0x3c C:/ST/STM32CubeIDE_1.18.1/STM32CubeIDE/plugins/com.st.stm32cube.ide.mcu.externaltools.gnu-tools-for-stm32.13.3.rel1.win32_1.0.0.202411081344/tools/bin/../lib/gcc/arm-none-eabi/13.3.1/../../../../arm-none-eabi/lib/thumb/v7e-m+fp/hard\libc_nano.a(libc_a-reallocr.o)
 .debug_frame   0x00001298       0x20 C:/ST/STM32CubeIDE_1.18.1/STM32CubeIDE/plugins/com.st.stm32cube.ide.mcu.externaltools.gnu-tools-for-stm32.13.3.rel1.win32_1.0.0.202411081344/tools/bin/../lib/gcc/arm-none-eabi/13.3.1/../../../../arm-none-eabi/lib/thumb/v7e-m+fp/hard\libc_nano.a(libc_a-msizer.o)
 .debug_frame   0x000012b8       0x48 C:/ST/STM32CubeIDE_1.18.1/STM32CubeIDE/plugins/com.st.stm32cube.ide.mcu.externaltools.gnu-tools-for-stm32.13.3.rel1.win32_1.0.0.202411081344/tools/bin/../lib/gcc/arm-none-eabi/13.3.1/../../../../arm-none-eabi/lib/thumb/v7e-m+fp/hard\libm.a(libm_a-wf_log10.o)
 .debug_frame   0x00001300       0x48 C:/ST/STM32CubeIDE_1.18.1/STM32CubeIDE/plugins/com.st.stm32cube.ide.mcu.externaltools.gnu-tools-for-stm32.13.3.rel1.win32_1.0.0.202411081344/tools/bin/../lib/gcc/arm-none-eabi/13.3.1/../../../../arm-none-eabi/lib/thumb/v7e-m+fp/hard\libm.a(libm_a-wf_pow.o)
 .debug_frame   0x00001348       0x20 C:/ST/STM32CubeIDE_1.18.1/STM32CubeIDE/plugins/com.st.stm32cube.ide.mcu.externaltools.gnu-tools-for-stm32.13.3.rel1.win32_1.0.0.202411081344/tools/bin/../lib/gcc/arm-none-eabi/13.3.1/../../../../arm-none-eabi/lib/thumb/v7e-m+fp/hard\libm.a(libm_a-sf_finite.o)
 .debug_frame   0x00001368       0x20 C:/ST/STM32CubeIDE_1.18.1/STM32CubeIDE/plugins/com.st.stm32cube.ide.mcu.externaltools.gnu-tools-for-stm32.13.3.rel1.win32_1.0.0.202411081344/tools/bin/../lib/gcc/arm-none-eabi/13.3.1/../../../../arm-none-eabi/lib/thumb/v7e-m+fp/hard\libm.a(libm_a-sf_nan.o)
 .debug_frame   0x00001388       0x3c C:/ST/STM32CubeIDE_1.18.1/STM32CubeIDE/plugins/com.st.stm32cube.ide.mcu.externaltools.gnu-tools-for-stm32.13.3.rel1.win32_1.0.0.202411081344/tools/bin/../lib/gcc/arm-none-eabi/13.3.1/../../../../arm-none-eabi/lib/thumb/v7e-m+fp/hard\libm.a(libm_a-ef_log10.o)
 .debug_frame   0x000013c4       0x88 C:/ST/STM32CubeIDE_1.18.1/STM32CubeIDE/plugins/com.st.stm32cube.ide.mcu.externaltools.gnu-tools-for-stm32.13.3.rel1.win32_1.0.0.202411081344/tools/bin/../lib/gcc/arm-none-eabi/13.3.1/../../../../arm-none-eabi/lib/thumb/v7e-m+fp/hard\libm.a(libm_a-ef_pow.o)
 .debug_frame   0x0000144c       0x20 C:/ST/STM32CubeIDE_1.18.1/STM32CubeIDE/plugins/com.st.stm32cube.ide.mcu.externaltools.gnu-tools-for-stm32.13.3.rel1.win32_1.0.0.202411081344/tools/bin/../lib/gcc/arm-none-eabi/13.3.1/../../../../arm-none-eabi/lib/thumb/v7e-m+fp/hard\libm.a(libm_a-sf_fabs.o)
 .debug_frame   0x0000146c       0x20 C:/ST/STM32CubeIDE_1.18.1/STM32CubeIDE/plugins/com.st.stm32cube.ide.mcu.externaltools.gnu-tools-for-stm32.13.3.rel1.win32_1.0.0.202411081344/tools/bin/../lib/gcc/arm-none-eabi/13.3.1/../../../../arm-none-eabi/lib/thumb/v7e-m+fp/hard\libm.a(libm_a-sf_scalbn.o)
 .debug_frame   0x0000148c       0x88 C:/ST/STM32CubeIDE_1.18.1/STM32CubeIDE/plugins/com.st.stm32cube.ide.mcu.externaltools.gnu-tools-for-stm32.13.3.rel1.win32_1.0.0.202411081344/tools/bin/../lib/gcc/arm-none-eabi/13.3.1/../../../../arm-none-eabi/lib/thumb/v7e-m+fp/hard\libm.a(libm_a-math_errf.o)
 .debug_frame   0x00001514       0x20 C:/ST/STM32CubeIDE_1.18.1/STM32CubeIDE/plugins/com.st.stm32cube.ide.mcu.externaltools.gnu-tools-for-stm32.13.3.rel1.win32_1.0.0.202411081344/tools/bin/../lib/gcc/arm-none-eabi/13.3.1/../../../../arm-none-eabi/lib/thumb/v7e-m+fp/hard\libm.a(libm_a-ef_sqrt.o)
 .debug_frame   0x00001534       0x20 C:/ST/STM32CubeIDE_1.18.1/STM32CubeIDE/plugins/com.st.stm32cube.ide.mcu.externaltools.gnu-tools-for-stm32.13.3.rel1.win32_1.0.0.202411081344/tools/bin/../lib/gcc/arm-none-eabi/13.3.1/../../../../arm-none-eabi/lib/thumb/v7e-m+fp/hard\libm.a(libm_a-ef_log.o)

.debug_line_str
                0x00000000       0x69
 .debug_line_str
                0x00000000       0x69 ./Core/Startup/startup_stm32f411retx.o
